Resolved 43 packages in 1ms
Uninstalled 2 packages in 10ms
 - neo4j==5.28.4
 - pytz==2026.3.post1
Installed 2 packages in 16ms
 Volume s19-ops2-ci1-data Creating 
 Volume s19-ops2-ci1-data Creating 
 Network s19-ops2-ci1-net Creating 
 Network s19-ops2-ci1-net Creating 
 Volume s19-ops2-ci1-data Created 
 Volume s19-ops2-ci1-data Created 
 Network s19-ops2-ci1-net Created 
 Network s19-ops2-ci1-net Created 
 Container s19-ops2-ci1-neo4j Creating 
 Container s19-ops2-ci1-neo4j Created 
 Container s19-ops2-ci1-neo4j Starting 
 Container s19-ops2-ci1-neo4j Started 
/home/barami/.cache/industrial-opportunity-resolution-mvp/overnight-2026-09-23/s19-ops-final-r2/ci-root1/.venv/lib/python3.14/site-packages/neo4j/_sync/io/_bolt.py:199: DeprecationWarning: 'asyncio.iscoroutinefunction' is deprecated and slated for removal in Python 3.16; use inspect.iscoroutinefunction() instead
  if not asyncio.iscoroutinefunction(self.close):
/home/barami/.cache/industrial-opportunity-resolution-mvp/overnight-2026-09-23/s19-ops-final-r2/ci-root1/.venv/lib/python3.14/site-packages/neo4j/_sync/io/_bolt.py:199: DeprecationWarning: 'asyncio.iscoroutinefunction' is deprecated and slated for removal in Python 3.16; use inspect.iscoroutinefunction() instead
  if not asyncio.iscoroutinefunction(self.close):
Installed 11 packages in 19ms
/home/barami/.cache/industrial-opportunity-resolution-mvp/overnight-2026-09-23/s19-ops-final-r2/ci-root1/.venv/lib/python3.14/site-packages/neo4j/_sync/io/_bolt.py:199: DeprecationWarning: 'asyncio.iscoroutinefunction' is deprecated and slated for removal in Python 3.16; use inspect.iscoroutinefunction() instead
  if not asyncio.iscoroutinefunction(self.close):
 Container s19-ops2-ci1-neo4j Stopping 
 Container s19-ops2-ci1-neo4j Stopped 
 Container s19-ops2-ci1-neo4j Removing 
 Container s19-ops2-ci1-neo4j Removed 
 Network s19-ops2-ci1-net Removing 
 Network s19-ops2-ci1-net Removed 
Rotated text discovered. Output will be incomplete.
Rotated text discovered. Output will be incomplete.
Rotated text discovered. Output will be incomplete.
Rotated text discovered. Output will be incomplete.
Rotated text discovered. Output will be incomplete.
Rotated text discovered. Output will be incomplete.
Rotated text discovered. Output will be incomplete.
Rotated text discovered. Output will be incomplete.
Rotated text discovered. Output will be incomplete.
Rotated text discovered. Output will be incomplete.
Rotated text discovered. Output will be incomplete.
Rotated text discovered. Output will be incomplete.
Rotated text discovered. Output will be incomplete.
Rotated text discovered. Output will be incomplete.
Rotated text discovered. Output will be incomplete.
Rotated text discovered. Output will be incomplete.
Rotated text discovered. Output will be incomplete.
Rotated text discovered. Output will be incomplete.
Rotated text discovered. Output will be incomplete.
Rotated text discovered. Output will be incomplete.
Rotated text discovered. Output will be incomplete.
Rotated text discovered. Output will be incomplete.
Rotated text discovered. Output will be incomplete.
Rotated text discovered. Output will be incomplete.
Rotated text discovered. Output will be incomplete.
Rotated text discovered. Output will be incomplete.
Rotated text discovered. Output will be incomplete.
Rotated text discovered. Output will be incomplete.
Rotated text discovered. Output will be incomplete.
Rotated text discovered. Output will be incomplete.
Rotated text discovered. Output will be incomplete.
Rotated text discovered. Output will be incomplete.
Rotated text discovered. Output will be incomplete.
Rotated text discovered. Output will be incomplete.
Rotated text discovered. Output will be incomplete.
Rotated text discovered. Output will be incomplete.
Got invalid hex string: Non-hexadecimal digit found (b'CMapName')
Skipping broken line b'endcmap CMapName currentdict /CMap defineresource pop end end': Odd-length string
Got invalid hex string: Non-hexadecimal digit found (b'CMapName')
Skipping broken line b'endcmap CMapName currentdict /CMap defineresource pop end end': Odd-length string
Got invalid hex string: Non-hexadecimal digit found (b'CMapName')
Skipping broken line b'endcmap CMapName currentdict /CMap defineresource pop end end': Odd-length string
Got invalid hex string: Non-hexadecimal digit found (b'CMapName')
Skipping broken line b'endcmap CMapName currentdict /CMap defineresource pop end end': Odd-length string
invalid pdf header: b'HTTP/'
incorrect startxref pointer(1)
parsing for Object Streams
invalid pdf header: b'HTTP/'
incorrect startxref pointer(1)
parsing for Object Streams
Rotated text discovered. Output will be incomplete.
Rotated text discovered. Output will be incomplete.
Rotated text discovered. Output will be incomplete.
Rotated text discovered. Output will be incomplete.
