F.F........                                                              [100%]
=================================== FAILURES ===================================
___________ test_ui_catalogue_metadata_locales_and_version_are_exact ___________

    def test_ui_catalogue_metadata_locales_and_version_are_exact() -> None:
        payload = _catalogue()
    
>       assert payload["metadata"] == {
            "artifact": "industrial-opportunity-ui-strings",
            "version": "1.7.0",
            "effective_date": "2026-09-24",
            "authority": (
                "Core 01 NFR-006/NFR-007 and UX GenUI Demo Specification"
            ),
            "status": "frozen_for_demo_cycle",
            "default_locale": "en",
        }
E       AssertionError: assert {'artifact': ...6-09-24', ...} == {'artifact': ...6-09-24', ...}
E         
E         Omitting 5 identical items, use -vv to show
E         Differing items:
E         {'version': '1.6.0'} != {'version': '1.7.0'}
E         Use -v to get more diff

tests/test_ui_catalogue.py:217: AssertionError
____________ test_ui_catalogue_rejects_non_current_versions[1.6.0] _____________

version = '1.6.0'

    @pytest.mark.parametrize("version", ["1.5.0", "1.6.0", "1.8.0", "1.6", "1.7", None, True, False, 1.6, 1.7])
    def test_ui_catalogue_rejects_non_current_versions(version: object) -> None:
        payload = _catalogue()
        payload["metadata"]["version"] = version
>       with pytest.raises(config.UIStringConfigurationError, match="metadata.version"):
             ^^^^^^^^^^^^^^^^^^^^^^^^^^^^^^^^^^^^^^^^^^^^^^^^^^^^^^^^^^^^^^^^^^^^^^^^^^
E       Failed: DID NOT RAISE <class 'ior_mvp.config.UIStringConfigurationError'>

tests/test_ui_catalogue.py:242: Failed
=============================== warnings summary ===============================
.venv/lib/python3.14/site-packages/fastapi/testclient.py:1
  /home/barami/projects/ior-worktrees/s19/.venv/lib/python3.14/site-packages/fastapi/testclient.py:1: StarletteDeprecationWarning: Using `httpx` with `starlette.testclient` is deprecated; install `httpx2` instead.
    from starlette.testclient import TestClient as TestClient  # noqa

-- Docs: https://docs.pytest.org/en/stable/how-to/capture-warnings.html
=========================== short test summary info ============================
FAILED tests/test_ui_catalogue.py::test_ui_catalogue_metadata_locales_and_version_are_exact
FAILED tests/test_ui_catalogue.py::test_ui_catalogue_rejects_non_current_versions[1.6.0]
2 failed, 9 passed, 18 deselected, 1 warning in 0.58s
