F                                                                        [100%]
=================================== FAILURES ===================================
__ test_trade_chart_discloses_scales_and_preserves_observed_values_and_curves __

    def test_trade_chart_discloses_scales_and_preserves_observed_values_and_curves() -> None:
        from html import unescape
        from ior_mvp.config import ui_strings_bundle
        bundles={locale:ui_strings_bundle(locale) for locale in ('en','ar')}
        module=(STATIC_ROOT/'modules/renderers/trade.js').as_uri()
        state_module=(STATIC_ROOT/'modules/state.js').as_uri()
        script=f'''
    import {{renderTradeChart}} from {json.dumps(module)};
    import {{state}} from {json.dumps(state_module)};
    const bundles={json.dumps(bundles,ensure_ascii=False)};
    const values=[null,undefined,"123",true,false,NaN,Infinity];
    const output=[];
    for (const locale of ["en","ar"]) {{
     state.locale=locale;state.ui=bundles[locale];
     const trade=[{{year:2024,imports_usd_m:236.9,imports_kt:287.9}},{{year:2021,imports_usd_m:0,imports_kt:0}},{{year:2023,imports_usd_m:186,imports_kt:173.9}}];
     Object.freeze(trade);for(const row of trade)Object.freeze(row);
     output.push({{locale,kind:"valid",html:renderTradeChart({{trade}}),years:trade.map(r=>r.year)}});
     for(let i=0;i<values.length;i++) output.push({{locale,kind:"missing",html:renderTradeChart({{trade:[{{year:2024,imports_usd_m:values[i],imports_kt:values[i]}}]}})}});
     output.push({{locale,kind:"empty",html:renderTradeChart({{trade:[]}})}});
    }}
    console.log(JSON.stringify(output));
    '''
        result=subprocess.run(['node','--input-type=module'],input=script,text=True,capture_output=True,check=False)
        assert result.returncode==0,result.stderr
        for item in json.loads(result.stdout):
            markup=unescape(item['html']);strings=bundles[item['locale']]['strings']
            assert strings.get('trade.scale_note','Each line uses its own scale.') in markup
            assert '<details' in markup and '<summary>' in markup
            assert strings.get('trade.data_summary','View observed values') in markup
            assert '<details open' not in markup
            if item['kind']=='valid':
                assert item['years']==[2024,2021,2023]
                body=markup.split('<tbody>',1)[1].split('</tbody>',1)[0]
                assert [int(y) for y in re.findall(r'<th scope="row">.*?>(\d{4})<',body)]==[2021,2023,2024]
                assert '236.9' in body and '287.9' in body
>               assert body.count('>0<')==2
E               assert 0 == 2
E                +  where 0 = <built-in method count of str object at 0x41e8eb80>('>0<')
E                +    where <built-in method count of str object at 0x41e8eb80> = '<tr><th scope="row"><bdi dir="ltr">2021</bdi></th><td><bdi class="technical-token" dir="ltr">0 USD m</bdi></td><td><b...="technical-token" dir="ltr">236.9 USD m</bdi></td><td><bdi class="technical-token" dir="ltr">287.9 kt</bdi></td></tr>'.count

tests/test_static_frontend.py:597: AssertionError
=========================== short test summary info ============================
FAILED tests/test_static_frontend.py::test_trade_chart_discloses_scales_and_preserves_observed_values_and_curves
1 failed, 29 deselected in 0.10s
