FFFFFFFFFFFFFFFF                                                         [100%]
=================================== FAILURES ===================================
_______ test_malformed_optional_mapping_has_typed_422[dossier-capacity] ________

monkeypatch = <_pytest.monkeypatch.MonkeyPatch object at 0x7109aa563490>
field = 'capacity', suffix = 'dossier'

    @pytest.mark.parametrize('field',['capacity','economics','competition','evsi'])
    @pytest.mark.parametrize('suffix',['dossier','dossier.html'])
    def test_malformed_optional_mapping_has_typed_422(monkeypatch,field,suffix):
        import importlib
        from ior_mvp.dossier_validation import DossierIntegrityError
        analysis=deepcopy(analyze('SAU-H0-721049','simulated'))
        analysis[field]=[1]
>       with pytest.raises(DossierIntegrityError):build_dossier(analysis)
                                                  ^^^^^^^^^^^^^^^^^^^^^^^

tests/test_dossier_isolation.py:70: 
_ _ _ _ _ _ _ _ _ _ _ _ _ _ _ _ _ _ _ _ _ _ _ _ _ _ _ _ _ _ _ _ _ _ _ _ _ _ _ _ 

analysis = {'active_decision': {'advance_gate': {'basis': 'CLASS_IF_CONFIRMED', 'blocked_classes': ['D', 'E'], 'blocked_fields': ...7ce5e450013719275acb7ed1470847b21fb2cc547c8ac4ce9', 'sha256_prefix': '5717cbd42acc'}, 'project_version': '0.2.0'}, ...}

    def build_dossier(analysis: dict[str, Any]) -> dict[str, Any]:
        validate_analysis(analysis)
        scenario = scenario_context(analysis)
        decision = analysis["active_decision"]
        opportunity = analysis["opportunity"]
        selection_reference = _selection_reference(opportunity["id"])
        latest = max(analysis["trade"], key=lambda row: row["year"]) if analysis["trade"] else {}
        capacity = analysis.get("capacity") or {}
        economics = analysis.get("economics") or {}
        evidence = analysis.get("evidence", [])
        public_count = sum(
            1 for row in evidence if row.get("synthetic_flag") is False
        )
        synthetic_count = sum(
            1 for row in evidence if row.get("synthetic_flag") is True
        )
        simulated_rules = [
            row
            for row in analysis.get("rules", [])
            if row.get("synthetic_flag") is True
        ]
        public_contradictions = [
            {
                "evidence_id": row["evidence_id"],
                "source": row["source"],
                "contradiction": row["contradiction"],
                "synthetic_flag": False,
            }
            for row in evidence
            if row.get("synthetic_flag") is False
            and isinstance(row.get("contradiction"), str)
            and row["contradiction"]
        ]
        synthetic_contradictions = (
            [
                {
                    "evidence_id": row["evidence_id"],
                    "source": row["source"],
                    "contradiction": row["contradiction"],
                    "synthetic_flag": True,
                    "scenario_id": row["scenario_id"],
                    "display_labels": row["display_labels"],
                }
                for row in evidence
                if row.get("synthetic_flag") is True
                and isinstance(row.get("contradiction"), str)
                and row["contradiction"]
            ]
            if analysis["mode"] == "simulated"
            else []
        )
        contradiction_register = {
            "public": public_contradictions,
            "synthetic": synthetic_contradictions,
            "synthetic_status": (
                "NOT_APPLICABLE"
                if analysis["mode"] == "public"
                else (
                    "PRESENT"
                    if synthetic_contradictions
                    else "NONE_RECORDED"
                )
            ),
        }
        def measured(value):
            return f"{value:,.1f}" if isinstance(value, (int, float)) and not isinstance(value, bool) else "UNAVAILABLE"
        demand_conclusion = (
            f"Latest frozen public imports: USD {measured(latest.get('imports_usd_m'))}m and "
            f"{measured(latest.get('imports_kt'))} kt in {latest.get('year', 'UNAVAILABLE')}."
        )
        if capacity:
            demand_conclusion += (
>               f" Simulation target demand is {measured(capacity.get('target_spec_demand_kt'))} kt; "
                                                         ^^^^^^^^^^^^
                f"the specification-adjusted gap is {measured(capacity.get('specification_adjusted_gap_kt'))} kt."
            )
E           AttributeError: 'list' object has no attribute 'get'

src/ior_mvp/dossier.py:117: AttributeError
_______ test_malformed_optional_mapping_has_typed_422[dossier-economics] _______

monkeypatch = <_pytest.monkeypatch.MonkeyPatch object at 0x7109aa304050>
field = 'economics', suffix = 'dossier'

    @pytest.mark.parametrize('field',['capacity','economics','competition','evsi'])
    @pytest.mark.parametrize('suffix',['dossier','dossier.html'])
    def test_malformed_optional_mapping_has_typed_422(monkeypatch,field,suffix):
        import importlib
        from ior_mvp.dossier_validation import DossierIntegrityError
        analysis=deepcopy(analyze('SAU-H0-721049','simulated'))
        analysis[field]=[1]
>       with pytest.raises(DossierIntegrityError):build_dossier(analysis)
                                                  ^^^^^^^^^^^^^^^^^^^^^^^

tests/test_dossier_isolation.py:70: 
_ _ _ _ _ _ _ _ _ _ _ _ _ _ _ _ _ _ _ _ _ _ _ _ _ _ _ _ _ _ _ _ _ _ _ _ _ _ _ _ 
src/ior_mvp/dossier.py:188: in build_dossier
    result.update(project_dossier(analysis, scenario))
                  ^^^^^^^^^^^^^^^^^^^^^^^^^^^^^^^^^^^
_ _ _ _ _ _ _ _ _ _ _ _ _ _ _ _ _ _ _ _ _ _ _ _ _ _ _ _ _ _ _ _ _ _ _ _ _ _ _ _ 

analysis = {'active_decision': {'advance_gate': {'basis': 'CLASS_IF_CONFIRMED', 'blocked_classes': ['D', 'E'], 'blocked_fields': ...7ce5e450013719275acb7ed1470847b21fb2cc547c8ac4ce9', 'sha256_prefix': '5717cbd42acc'}, 'project_version': '0.2.0'}, ...}
scenario = {'decision_narrative': {'ADVANCE': {'conditions': [{'ar': 'تحقيق قبول العملاء للمواصفة المستهدفة المسماة.', 'en': 'Ach...ompetition warning supplied by this scenario.', 'expected_route_code': 5, 'expected_simulation_state': 'ADVANCE'}, ...}

    def project_dossier(analysis: dict, scenario: dict | None) -> dict:
        active=boundary(analysis['mode'],scenario);public=boundary('public',None)
        names=('decision','identity','demand','supply','gap','capability','economics','competition','ledger','evidence','conditions','authority')
        blocks={name:{'key':name,'status':'AVAILABLE','fields':[],'records':{},**active} for name in names}
        inputs=project_inputs(scenario,analysis['evidence'])
        blocks['decision']['records']={'active_decision':deepcopy(analysis['active_decision'])}
        def add(block,key,value,path,unit=None,*,numeric=False,tag=None,ids=None,missing_status='UNAVAILABLE'):
            blocks[block]['fields'].append(scalar(key,value,path,unit,numeric=numeric,branch=tag or active,evidence_ids=ids,missing_status=missing_status))
        for key in ('hs_revision','hs6','national_tariff_line','commercial_name_en','commercial_name_ar','application_boundary'):
            add('identity',key,analysis['opportunity'].get(key,MISSING),'analysis.opportunity.'+key,tag=public)
        # The explicit whitelist maps only inputs already accepted by the engine.
        for name,block in [('target_specification','identity'),('plant_line','supply'),('demand','demand'),('upgrade','supply')]:
            item=inputs.get(name)
            if scenario is None and name in ('plant_line','upgrade'):continue
            for key in SCENARIO_FIELDS[name]:
                value=item['data'].get(key,MISSING) if item else MISSING
                numeric=key in NUMERIC_SCENARIO.get(name,set())
                unit=('kt' if key.endswith('_kt') else 'mm' if key.endswith('_mm') else 'µm' if key.endswith('_um') else 'g/m²' if key.endswith('_g_m2') else 'months' if key=='schedule_months' else 'ratio' if numeric else None)
                add(block,key,value,f'scenario.synthetic_inputs.{name}.{key}' if item and key in item['data'] else None,unit,numeric=numeric,
                    ids=item['evidence_ids'] if item else [])
        trade=analysis['trade'];latest=max(trade,key=lambda row:row['year']) if trade else {}
        for key,unit in [('year','year'),('imports_usd_m','USD m'),('imports_kt','kt')]:
            path=f"analysis.trade[{trade.index(latest)}].{key}" if trade else f'analysis.trade[].{key}'
            add('demand',key,latest.get(key,MISSING),path,unit,numeric=True,tag=public)
        for key in ('buyers','buyer_concentration','demand_timing'):
            add('demand',key,MISSING,None)
        blocks['demand']['records']={key:deepcopy(analysis.get(key)) for key in ('trade','trade_quality','domestic_flows','supplier_metrics','partner_detail')}
        blocks['demand']['records']['r8']=[deepcopy(r) for r in analysis['rules'] if r['rule_id']=='R8']
        blocks['supply']['records']={'producers':deepcopy(analysis['domestic_capability'].get('producer_evidence',[])),
                                   'coarse_adjacency_signals':deepcopy(analysis['domestic_capability'].get('coarse_adjacency_signals',[]))}
        for key in ('effective_qualified_capacity_kt','qualified_available_kt','specification_adjusted_gap_kt'):
            add('supply' if key!='specification_adjusted_gap_kt' else 'gap',key,(analysis.get('capacity') or {}).get(key,MISSING),'analysis.capacity.'+key,'kt',numeric=True)
        blocks['gap']['records']={key:deepcopy(analysis.get(key)) for key in ('gap_class','hard_exclusions','rejection_conditions','advance_gate','evidence_class_assessment')}
        capability=analysis['capability']
        for key in ('known_weight_coverage','unknown_weight','unknown_penalty_lambda','minimum_known_coverage','d_star'):
            add('capability',key,capability.get(key,MISSING),'analysis.capability.'+key,'ratio',numeric=True)
        blocks['capability']['records']={key:deepcopy(capability.get(key)) for key in ('dimensions','profile_hard_gates','unresolved_hard_gates','known_hard_gate_failures','route_band','route_publishable')}
        blocks['capability']['records'].update({'routes':deepcopy(analysis['route_hypotheses']),
                                             'public_routes':deepcopy(analysis['real_decision']['route_hypotheses']),
                                             'counterfactual':deepcopy(analysis['active_decision'].get('counterfactual'))})
        economics=analysis.get('economics') or {}
        for key,unit in [('unsupported_npv_m','SAR m'),('unsupported_irr','ratio'),('minimum_effective_support_m','SAR m'),('supported_npv_m','SAR m'),('supported_irr','ratio'),('hurdle_rate','ratio')]:
>           add('economics',key,economics.get(key,MISSING),'analysis.economics.'+key,unit,numeric=True,missing_status='NOT_CALCULABLE')
                                ^^^^^^^^^^^^^
E           AttributeError: 'list' object has no attribute 'get'

src/ior_mvp/dossier_projection.py:126: AttributeError
______ test_malformed_optional_mapping_has_typed_422[dossier-competition] ______

monkeypatch = <_pytest.monkeypatch.MonkeyPatch object at 0x7109a9f21a30>
field = 'competition', suffix = 'dossier'

    @pytest.mark.parametrize('field',['capacity','economics','competition','evsi'])
    @pytest.mark.parametrize('suffix',['dossier','dossier.html'])
    def test_malformed_optional_mapping_has_typed_422(monkeypatch,field,suffix):
        import importlib
        from ior_mvp.dossier_validation import DossierIntegrityError
        analysis=deepcopy(analyze('SAU-H0-721049','simulated'))
        analysis[field]=[1]
>       with pytest.raises(DossierIntegrityError):build_dossier(analysis)
                                                  ^^^^^^^^^^^^^^^^^^^^^^^

tests/test_dossier_isolation.py:70: 
_ _ _ _ _ _ _ _ _ _ _ _ _ _ _ _ _ _ _ _ _ _ _ _ _ _ _ _ _ _ _ _ _ _ _ _ _ _ _ _ 
src/ior_mvp/dossier.py:188: in build_dossier
    result.update(project_dossier(analysis, scenario))
                  ^^^^^^^^^^^^^^^^^^^^^^^^^^^^^^^^^^^
_ _ _ _ _ _ _ _ _ _ _ _ _ _ _ _ _ _ _ _ _ _ _ _ _ _ _ _ _ _ _ _ _ _ _ _ _ _ _ _ 

analysis = {'active_decision': {'advance_gate': {'basis': 'CLASS_IF_CONFIRMED', 'blocked_classes': ['D', 'E'], 'blocked_fields': ...7ce5e450013719275acb7ed1470847b21fb2cc547c8ac4ce9', 'sha256_prefix': '5717cbd42acc'}, 'project_version': '0.2.0'}, ...}
scenario = {'decision_narrative': {'ADVANCE': {'conditions': [{'ar': 'تحقيق قبول العملاء للمواصفة المستهدفة المسماة.', 'en': 'Ach...ompetition warning supplied by this scenario.', 'expected_route_code': 5, 'expected_simulation_state': 'ADVANCE'}, ...}

    def project_dossier(analysis: dict, scenario: dict | None) -> dict:
        active=boundary(analysis['mode'],scenario);public=boundary('public',None)
        names=('decision','identity','demand','supply','gap','capability','economics','competition','ledger','evidence','conditions','authority')
        blocks={name:{'key':name,'status':'AVAILABLE','fields':[],'records':{},**active} for name in names}
        inputs=project_inputs(scenario,analysis['evidence'])
        blocks['decision']['records']={'active_decision':deepcopy(analysis['active_decision'])}
        def add(block,key,value,path,unit=None,*,numeric=False,tag=None,ids=None,missing_status='UNAVAILABLE'):
            blocks[block]['fields'].append(scalar(key,value,path,unit,numeric=numeric,branch=tag or active,evidence_ids=ids,missing_status=missing_status))
        for key in ('hs_revision','hs6','national_tariff_line','commercial_name_en','commercial_name_ar','application_boundary'):
            add('identity',key,analysis['opportunity'].get(key,MISSING),'analysis.opportunity.'+key,tag=public)
        # The explicit whitelist maps only inputs already accepted by the engine.
        for name,block in [('target_specification','identity'),('plant_line','supply'),('demand','demand'),('upgrade','supply')]:
            item=inputs.get(name)
            if scenario is None and name in ('plant_line','upgrade'):continue
            for key in SCENARIO_FIELDS[name]:
                value=item['data'].get(key,MISSING) if item else MISSING
                numeric=key in NUMERIC_SCENARIO.get(name,set())
                unit=('kt' if key.endswith('_kt') else 'mm' if key.endswith('_mm') else 'µm' if key.endswith('_um') else 'g/m²' if key.endswith('_g_m2') else 'months' if key=='schedule_months' else 'ratio' if numeric else None)
                add(block,key,value,f'scenario.synthetic_inputs.{name}.{key}' if item and key in item['data'] else None,unit,numeric=numeric,
                    ids=item['evidence_ids'] if item else [])
        trade=analysis['trade'];latest=max(trade,key=lambda row:row['year']) if trade else {}
        for key,unit in [('year','year'),('imports_usd_m','USD m'),('imports_kt','kt')]:
            path=f"analysis.trade[{trade.index(latest)}].{key}" if trade else f'analysis.trade[].{key}'
            add('demand',key,latest.get(key,MISSING),path,unit,numeric=True,tag=public)
        for key in ('buyers','buyer_concentration','demand_timing'):
            add('demand',key,MISSING,None)
        blocks['demand']['records']={key:deepcopy(analysis.get(key)) for key in ('trade','trade_quality','domestic_flows','supplier_metrics','partner_detail')}
        blocks['demand']['records']['r8']=[deepcopy(r) for r in analysis['rules'] if r['rule_id']=='R8']
        blocks['supply']['records']={'producers':deepcopy(analysis['domestic_capability'].get('producer_evidence',[])),
                                   'coarse_adjacency_signals':deepcopy(analysis['domestic_capability'].get('coarse_adjacency_signals',[]))}
        for key in ('effective_qualified_capacity_kt','qualified_available_kt','specification_adjusted_gap_kt'):
            add('supply' if key!='specification_adjusted_gap_kt' else 'gap',key,(analysis.get('capacity') or {}).get(key,MISSING),'analysis.capacity.'+key,'kt',numeric=True)
        blocks['gap']['records']={key:deepcopy(analysis.get(key)) for key in ('gap_class','hard_exclusions','rejection_conditions','advance_gate','evidence_class_assessment')}
        capability=analysis['capability']
        for key in ('known_weight_coverage','unknown_weight','unknown_penalty_lambda','minimum_known_coverage','d_star'):
            add('capability',key,capability.get(key,MISSING),'analysis.capability.'+key,'ratio',numeric=True)
        blocks['capability']['records']={key:deepcopy(capability.get(key)) for key in ('dimensions','profile_hard_gates','unresolved_hard_gates','known_hard_gate_failures','route_band','route_publishable')}
        blocks['capability']['records'].update({'routes':deepcopy(analysis['route_hypotheses']),
                                             'public_routes':deepcopy(analysis['real_decision']['route_hypotheses']),
                                             'counterfactual':deepcopy(analysis['active_decision'].get('counterfactual'))})
        economics=analysis.get('economics') or {}
        for key,unit in [('unsupported_npv_m','SAR m'),('unsupported_irr','ratio'),('minimum_effective_support_m','SAR m'),('supported_npv_m','SAR m'),('supported_irr','ratio'),('hurdle_rate','ratio')]:
            add('economics',key,economics.get(key,MISSING),'analysis.economics.'+key,unit,numeric=True,missing_status='NOT_CALCULABLE')
        add('economics','downside_result',MISSING,'analysis.economics.downside_result','SAR m',numeric=True,missing_status='NOT_CALCULABLE')
        blocks['economics']['records']['national_value']=deepcopy(economics.get('national_value'))
        if scenario:
            evsi=analysis.get('evsi')
            blocks['conditions']['records']['evsi']=deepcopy(evsi)
            add('conditions','approximate_evsi_m_sar',(evsi or {}).get('approximate_evsi_m_sar',MISSING),'analysis.evsi.approximate_evsi_m_sar','SAR m',numeric=True)
        competition=analysis.get('competition') or {}
        for key,unit in [('post_entry_capacity_to_downside_demand','ratio'),('displacement_m_sar','SAR m')]:
>           add('competition',key,competition.get(key,MISSING),'analysis.competition.'+key,unit,numeric=True)
                                  ^^^^^^^^^^^^^^^
E           AttributeError: 'list' object has no attribute 'get'

src/ior_mvp/dossier_projection.py:135: AttributeError
_________ test_malformed_optional_mapping_has_typed_422[dossier-evsi] __________

monkeypatch = <_pytest.monkeypatch.MonkeyPatch object at 0x7109aa512580>
field = 'evsi', suffix = 'dossier'

    @pytest.mark.parametrize('field',['capacity','economics','competition','evsi'])
    @pytest.mark.parametrize('suffix',['dossier','dossier.html'])
    def test_malformed_optional_mapping_has_typed_422(monkeypatch,field,suffix):
        import importlib
        from ior_mvp.dossier_validation import DossierIntegrityError
        analysis=deepcopy(analyze('SAU-H0-721049','simulated'))
        analysis[field]=[1]
>       with pytest.raises(DossierIntegrityError):build_dossier(analysis)
                                                  ^^^^^^^^^^^^^^^^^^^^^^^

tests/test_dossier_isolation.py:70: 
_ _ _ _ _ _ _ _ _ _ _ _ _ _ _ _ _ _ _ _ _ _ _ _ _ _ _ _ _ _ _ _ _ _ _ _ _ _ _ _ 
src/ior_mvp/dossier.py:188: in build_dossier
    result.update(project_dossier(analysis, scenario))
                  ^^^^^^^^^^^^^^^^^^^^^^^^^^^^^^^^^^^
_ _ _ _ _ _ _ _ _ _ _ _ _ _ _ _ _ _ _ _ _ _ _ _ _ _ _ _ _ _ _ _ _ _ _ _ _ _ _ _ 

analysis = {'active_decision': {'advance_gate': {'basis': 'CLASS_IF_CONFIRMED', 'blocked_classes': ['D', 'E'], 'blocked_fields': ...7ce5e450013719275acb7ed1470847b21fb2cc547c8ac4ce9', 'sha256_prefix': '5717cbd42acc'}, 'project_version': '0.2.0'}, ...}
scenario = {'decision_narrative': {'ADVANCE': {'conditions': [{'ar': 'تحقيق قبول العملاء للمواصفة المستهدفة المسماة.', 'en': 'Ach...ompetition warning supplied by this scenario.', 'expected_route_code': 5, 'expected_simulation_state': 'ADVANCE'}, ...}

    def project_dossier(analysis: dict, scenario: dict | None) -> dict:
        active=boundary(analysis['mode'],scenario);public=boundary('public',None)
        names=('decision','identity','demand','supply','gap','capability','economics','competition','ledger','evidence','conditions','authority')
        blocks={name:{'key':name,'status':'AVAILABLE','fields':[],'records':{},**active} for name in names}
        inputs=project_inputs(scenario,analysis['evidence'])
        blocks['decision']['records']={'active_decision':deepcopy(analysis['active_decision'])}
        def add(block,key,value,path,unit=None,*,numeric=False,tag=None,ids=None,missing_status='UNAVAILABLE'):
            blocks[block]['fields'].append(scalar(key,value,path,unit,numeric=numeric,branch=tag or active,evidence_ids=ids,missing_status=missing_status))
        for key in ('hs_revision','hs6','national_tariff_line','commercial_name_en','commercial_name_ar','application_boundary'):
            add('identity',key,analysis['opportunity'].get(key,MISSING),'analysis.opportunity.'+key,tag=public)
        # The explicit whitelist maps only inputs already accepted by the engine.
        for name,block in [('target_specification','identity'),('plant_line','supply'),('demand','demand'),('upgrade','supply')]:
            item=inputs.get(name)
            if scenario is None and name in ('plant_line','upgrade'):continue
            for key in SCENARIO_FIELDS[name]:
                value=item['data'].get(key,MISSING) if item else MISSING
                numeric=key in NUMERIC_SCENARIO.get(name,set())
                unit=('kt' if key.endswith('_kt') else 'mm' if key.endswith('_mm') else 'µm' if key.endswith('_um') else 'g/m²' if key.endswith('_g_m2') else 'months' if key=='schedule_months' else 'ratio' if numeric else None)
                add(block,key,value,f'scenario.synthetic_inputs.{name}.{key}' if item and key in item['data'] else None,unit,numeric=numeric,
                    ids=item['evidence_ids'] if item else [])
        trade=analysis['trade'];latest=max(trade,key=lambda row:row['year']) if trade else {}
        for key,unit in [('year','year'),('imports_usd_m','USD m'),('imports_kt','kt')]:
            path=f"analysis.trade[{trade.index(latest)}].{key}" if trade else f'analysis.trade[].{key}'
            add('demand',key,latest.get(key,MISSING),path,unit,numeric=True,tag=public)
        for key in ('buyers','buyer_concentration','demand_timing'):
            add('demand',key,MISSING,None)
        blocks['demand']['records']={key:deepcopy(analysis.get(key)) for key in ('trade','trade_quality','domestic_flows','supplier_metrics','partner_detail')}
        blocks['demand']['records']['r8']=[deepcopy(r) for r in analysis['rules'] if r['rule_id']=='R8']
        blocks['supply']['records']={'producers':deepcopy(analysis['domestic_capability'].get('producer_evidence',[])),
                                   'coarse_adjacency_signals':deepcopy(analysis['domestic_capability'].get('coarse_adjacency_signals',[]))}
        for key in ('effective_qualified_capacity_kt','qualified_available_kt','specification_adjusted_gap_kt'):
            add('supply' if key!='specification_adjusted_gap_kt' else 'gap',key,(analysis.get('capacity') or {}).get(key,MISSING),'analysis.capacity.'+key,'kt',numeric=True)
        blocks['gap']['records']={key:deepcopy(analysis.get(key)) for key in ('gap_class','hard_exclusions','rejection_conditions','advance_gate','evidence_class_assessment')}
        capability=analysis['capability']
        for key in ('known_weight_coverage','unknown_weight','unknown_penalty_lambda','minimum_known_coverage','d_star'):
            add('capability',key,capability.get(key,MISSING),'analysis.capability.'+key,'ratio',numeric=True)
        blocks['capability']['records']={key:deepcopy(capability.get(key)) for key in ('dimensions','profile_hard_gates','unresolved_hard_gates','known_hard_gate_failures','route_band','route_publishable')}
        blocks['capability']['records'].update({'routes':deepcopy(analysis['route_hypotheses']),
                                             'public_routes':deepcopy(analysis['real_decision']['route_hypotheses']),
                                             'counterfactual':deepcopy(analysis['active_decision'].get('counterfactual'))})
        economics=analysis.get('economics') or {}
        for key,unit in [('unsupported_npv_m','SAR m'),('unsupported_irr','ratio'),('minimum_effective_support_m','SAR m'),('supported_npv_m','SAR m'),('supported_irr','ratio'),('hurdle_rate','ratio')]:
            add('economics',key,economics.get(key,MISSING),'analysis.economics.'+key,unit,numeric=True,missing_status='NOT_CALCULABLE')
        add('economics','downside_result',MISSING,'analysis.economics.downside_result','SAR m',numeric=True,missing_status='NOT_CALCULABLE')
        blocks['economics']['records']['national_value']=deepcopy(economics.get('national_value'))
        if scenario:
            evsi=analysis.get('evsi')
            blocks['conditions']['records']['evsi']=deepcopy(evsi)
>           add('conditions','approximate_evsi_m_sar',(evsi or {}).get('approximate_evsi_m_sar',MISSING),'analysis.evsi.approximate_evsi_m_sar','SAR m',numeric=True)
                                                      ^^^^^^^^^^^^^^^^
E           AttributeError: 'list' object has no attribute 'get'

src/ior_mvp/dossier_projection.py:132: AttributeError
_____ test_malformed_optional_mapping_has_typed_422[dossier.html-capacity] _____

monkeypatch = <_pytest.monkeypatch.MonkeyPatch object at 0x7109aa511ae0>
field = 'capacity', suffix = 'dossier.html'

    @pytest.mark.parametrize('field',['capacity','economics','competition','evsi'])
    @pytest.mark.parametrize('suffix',['dossier','dossier.html'])
    def test_malformed_optional_mapping_has_typed_422(monkeypatch,field,suffix):
        import importlib
        from ior_mvp.dossier_validation import DossierIntegrityError
        analysis=deepcopy(analyze('SAU-H0-721049','simulated'))
        analysis[field]=[1]
>       with pytest.raises(DossierIntegrityError):build_dossier(analysis)
                                                  ^^^^^^^^^^^^^^^^^^^^^^^

tests/test_dossier_isolation.py:70: 
_ _ _ _ _ _ _ _ _ _ _ _ _ _ _ _ _ _ _ _ _ _ _ _ _ _ _ _ _ _ _ _ _ _ _ _ _ _ _ _ 

analysis = {'active_decision': {'advance_gate': {'basis': 'CLASS_IF_CONFIRMED', 'blocked_classes': ['D', 'E'], 'blocked_fields': ...7ce5e450013719275acb7ed1470847b21fb2cc547c8ac4ce9', 'sha256_prefix': '5717cbd42acc'}, 'project_version': '0.2.0'}, ...}

    def build_dossier(analysis: dict[str, Any]) -> dict[str, Any]:
        validate_analysis(analysis)
        scenario = scenario_context(analysis)
        decision = analysis["active_decision"]
        opportunity = analysis["opportunity"]
        selection_reference = _selection_reference(opportunity["id"])
        latest = max(analysis["trade"], key=lambda row: row["year"]) if analysis["trade"] else {}
        capacity = analysis.get("capacity") or {}
        economics = analysis.get("economics") or {}
        evidence = analysis.get("evidence", [])
        public_count = sum(
            1 for row in evidence if row.get("synthetic_flag") is False
        )
        synthetic_count = sum(
            1 for row in evidence if row.get("synthetic_flag") is True
        )
        simulated_rules = [
            row
            for row in analysis.get("rules", [])
            if row.get("synthetic_flag") is True
        ]
        public_contradictions = [
            {
                "evidence_id": row["evidence_id"],
                "source": row["source"],
                "contradiction": row["contradiction"],
                "synthetic_flag": False,
            }
            for row in evidence
            if row.get("synthetic_flag") is False
            and isinstance(row.get("contradiction"), str)
            and row["contradiction"]
        ]
        synthetic_contradictions = (
            [
                {
                    "evidence_id": row["evidence_id"],
                    "source": row["source"],
                    "contradiction": row["contradiction"],
                    "synthetic_flag": True,
                    "scenario_id": row["scenario_id"],
                    "display_labels": row["display_labels"],
                }
                for row in evidence
                if row.get("synthetic_flag") is True
                and isinstance(row.get("contradiction"), str)
                and row["contradiction"]
            ]
            if analysis["mode"] == "simulated"
            else []
        )
        contradiction_register = {
            "public": public_contradictions,
            "synthetic": synthetic_contradictions,
            "synthetic_status": (
                "NOT_APPLICABLE"
                if analysis["mode"] == "public"
                else (
                    "PRESENT"
                    if synthetic_contradictions
                    else "NONE_RECORDED"
                )
            ),
        }
        def measured(value):
            return f"{value:,.1f}" if isinstance(value, (int, float)) and not isinstance(value, bool) else "UNAVAILABLE"
        demand_conclusion = (
            f"Latest frozen public imports: USD {measured(latest.get('imports_usd_m'))}m and "
            f"{measured(latest.get('imports_kt'))} kt in {latest.get('year', 'UNAVAILABLE')}."
        )
        if capacity:
            demand_conclusion += (
>               f" Simulation target demand is {measured(capacity.get('target_spec_demand_kt'))} kt; "
                                                         ^^^^^^^^^^^^
                f"the specification-adjusted gap is {measured(capacity.get('specification_adjusted_gap_kt'))} kt."
            )
E           AttributeError: 'list' object has no attribute 'get'

src/ior_mvp/dossier.py:117: AttributeError
____ test_malformed_optional_mapping_has_typed_422[dossier.html-economics] _____

monkeypatch = <_pytest.monkeypatch.MonkeyPatch object at 0x7109aa220f50>
field = 'economics', suffix = 'dossier.html'

    @pytest.mark.parametrize('field',['capacity','economics','competition','evsi'])
    @pytest.mark.parametrize('suffix',['dossier','dossier.html'])
    def test_malformed_optional_mapping_has_typed_422(monkeypatch,field,suffix):
        import importlib
        from ior_mvp.dossier_validation import DossierIntegrityError
        analysis=deepcopy(analyze('SAU-H0-721049','simulated'))
        analysis[field]=[1]
>       with pytest.raises(DossierIntegrityError):build_dossier(analysis)
                                                  ^^^^^^^^^^^^^^^^^^^^^^^

tests/test_dossier_isolation.py:70: 
_ _ _ _ _ _ _ _ _ _ _ _ _ _ _ _ _ _ _ _ _ _ _ _ _ _ _ _ _ _ _ _ _ _ _ _ _ _ _ _ 
src/ior_mvp/dossier.py:188: in build_dossier
    result.update(project_dossier(analysis, scenario))
                  ^^^^^^^^^^^^^^^^^^^^^^^^^^^^^^^^^^^
_ _ _ _ _ _ _ _ _ _ _ _ _ _ _ _ _ _ _ _ _ _ _ _ _ _ _ _ _ _ _ _ _ _ _ _ _ _ _ _ 

analysis = {'active_decision': {'advance_gate': {'basis': 'CLASS_IF_CONFIRMED', 'blocked_classes': ['D', 'E'], 'blocked_fields': ...7ce5e450013719275acb7ed1470847b21fb2cc547c8ac4ce9', 'sha256_prefix': '5717cbd42acc'}, 'project_version': '0.2.0'}, ...}
scenario = {'decision_narrative': {'ADVANCE': {'conditions': [{'ar': 'تحقيق قبول العملاء للمواصفة المستهدفة المسماة.', 'en': 'Ach...ompetition warning supplied by this scenario.', 'expected_route_code': 5, 'expected_simulation_state': 'ADVANCE'}, ...}

    def project_dossier(analysis: dict, scenario: dict | None) -> dict:
        active=boundary(analysis['mode'],scenario);public=boundary('public',None)
        names=('decision','identity','demand','supply','gap','capability','economics','competition','ledger','evidence','conditions','authority')
        blocks={name:{'key':name,'status':'AVAILABLE','fields':[],'records':{},**active} for name in names}
        inputs=project_inputs(scenario,analysis['evidence'])
        blocks['decision']['records']={'active_decision':deepcopy(analysis['active_decision'])}
        def add(block,key,value,path,unit=None,*,numeric=False,tag=None,ids=None,missing_status='UNAVAILABLE'):
            blocks[block]['fields'].append(scalar(key,value,path,unit,numeric=numeric,branch=tag or active,evidence_ids=ids,missing_status=missing_status))
        for key in ('hs_revision','hs6','national_tariff_line','commercial_name_en','commercial_name_ar','application_boundary'):
            add('identity',key,analysis['opportunity'].get(key,MISSING),'analysis.opportunity.'+key,tag=public)
        # The explicit whitelist maps only inputs already accepted by the engine.
        for name,block in [('target_specification','identity'),('plant_line','supply'),('demand','demand'),('upgrade','supply')]:
            item=inputs.get(name)
            if scenario is None and name in ('plant_line','upgrade'):continue
            for key in SCENARIO_FIELDS[name]:
                value=item['data'].get(key,MISSING) if item else MISSING
                numeric=key in NUMERIC_SCENARIO.get(name,set())
                unit=('kt' if key.endswith('_kt') else 'mm' if key.endswith('_mm') else 'µm' if key.endswith('_um') else 'g/m²' if key.endswith('_g_m2') else 'months' if key=='schedule_months' else 'ratio' if numeric else None)
                add(block,key,value,f'scenario.synthetic_inputs.{name}.{key}' if item and key in item['data'] else None,unit,numeric=numeric,
                    ids=item['evidence_ids'] if item else [])
        trade=analysis['trade'];latest=max(trade,key=lambda row:row['year']) if trade else {}
        for key,unit in [('year','year'),('imports_usd_m','USD m'),('imports_kt','kt')]:
            path=f"analysis.trade[{trade.index(latest)}].{key}" if trade else f'analysis.trade[].{key}'
            add('demand',key,latest.get(key,MISSING),path,unit,numeric=True,tag=public)
        for key in ('buyers','buyer_concentration','demand_timing'):
            add('demand',key,MISSING,None)
        blocks['demand']['records']={key:deepcopy(analysis.get(key)) for key in ('trade','trade_quality','domestic_flows','supplier_metrics','partner_detail')}
        blocks['demand']['records']['r8']=[deepcopy(r) for r in analysis['rules'] if r['rule_id']=='R8']
        blocks['supply']['records']={'producers':deepcopy(analysis['domestic_capability'].get('producer_evidence',[])),
                                   'coarse_adjacency_signals':deepcopy(analysis['domestic_capability'].get('coarse_adjacency_signals',[]))}
        for key in ('effective_qualified_capacity_kt','qualified_available_kt','specification_adjusted_gap_kt'):
            add('supply' if key!='specification_adjusted_gap_kt' else 'gap',key,(analysis.get('capacity') or {}).get(key,MISSING),'analysis.capacity.'+key,'kt',numeric=True)
        blocks['gap']['records']={key:deepcopy(analysis.get(key)) for key in ('gap_class','hard_exclusions','rejection_conditions','advance_gate','evidence_class_assessment')}
        capability=analysis['capability']
        for key in ('known_weight_coverage','unknown_weight','unknown_penalty_lambda','minimum_known_coverage','d_star'):
            add('capability',key,capability.get(key,MISSING),'analysis.capability.'+key,'ratio',numeric=True)
        blocks['capability']['records']={key:deepcopy(capability.get(key)) for key in ('dimensions','profile_hard_gates','unresolved_hard_gates','known_hard_gate_failures','route_band','route_publishable')}
        blocks['capability']['records'].update({'routes':deepcopy(analysis['route_hypotheses']),
                                             'public_routes':deepcopy(analysis['real_decision']['route_hypotheses']),
                                             'counterfactual':deepcopy(analysis['active_decision'].get('counterfactual'))})
        economics=analysis.get('economics') or {}
        for key,unit in [('unsupported_npv_m','SAR m'),('unsupported_irr','ratio'),('minimum_effective_support_m','SAR m'),('supported_npv_m','SAR m'),('supported_irr','ratio'),('hurdle_rate','ratio')]:
>           add('economics',key,economics.get(key,MISSING),'analysis.economics.'+key,unit,numeric=True,missing_status='NOT_CALCULABLE')
                                ^^^^^^^^^^^^^
E           AttributeError: 'list' object has no attribute 'get'

src/ior_mvp/dossier_projection.py:126: AttributeError
___ test_malformed_optional_mapping_has_typed_422[dossier.html-competition] ____

monkeypatch = <_pytest.monkeypatch.MonkeyPatch object at 0x7109aa221150>
field = 'competition', suffix = 'dossier.html'

    @pytest.mark.parametrize('field',['capacity','economics','competition','evsi'])
    @pytest.mark.parametrize('suffix',['dossier','dossier.html'])
    def test_malformed_optional_mapping_has_typed_422(monkeypatch,field,suffix):
        import importlib
        from ior_mvp.dossier_validation import DossierIntegrityError
        analysis=deepcopy(analyze('SAU-H0-721049','simulated'))
        analysis[field]=[1]
>       with pytest.raises(DossierIntegrityError):build_dossier(analysis)
                                                  ^^^^^^^^^^^^^^^^^^^^^^^

tests/test_dossier_isolation.py:70: 
_ _ _ _ _ _ _ _ _ _ _ _ _ _ _ _ _ _ _ _ _ _ _ _ _ _ _ _ _ _ _ _ _ _ _ _ _ _ _ _ 
src/ior_mvp/dossier.py:188: in build_dossier
    result.update(project_dossier(analysis, scenario))
                  ^^^^^^^^^^^^^^^^^^^^^^^^^^^^^^^^^^^
_ _ _ _ _ _ _ _ _ _ _ _ _ _ _ _ _ _ _ _ _ _ _ _ _ _ _ _ _ _ _ _ _ _ _ _ _ _ _ _ 

analysis = {'active_decision': {'advance_gate': {'basis': 'CLASS_IF_CONFIRMED', 'blocked_classes': ['D', 'E'], 'blocked_fields': ...7ce5e450013719275acb7ed1470847b21fb2cc547c8ac4ce9', 'sha256_prefix': '5717cbd42acc'}, 'project_version': '0.2.0'}, ...}
scenario = {'decision_narrative': {'ADVANCE': {'conditions': [{'ar': 'تحقيق قبول العملاء للمواصفة المستهدفة المسماة.', 'en': 'Ach...ompetition warning supplied by this scenario.', 'expected_route_code': 5, 'expected_simulation_state': 'ADVANCE'}, ...}

    def project_dossier(analysis: dict, scenario: dict | None) -> dict:
        active=boundary(analysis['mode'],scenario);public=boundary('public',None)
        names=('decision','identity','demand','supply','gap','capability','economics','competition','ledger','evidence','conditions','authority')
        blocks={name:{'key':name,'status':'AVAILABLE','fields':[],'records':{},**active} for name in names}
        inputs=project_inputs(scenario,analysis['evidence'])
        blocks['decision']['records']={'active_decision':deepcopy(analysis['active_decision'])}
        def add(block,key,value,path,unit=None,*,numeric=False,tag=None,ids=None,missing_status='UNAVAILABLE'):
            blocks[block]['fields'].append(scalar(key,value,path,unit,numeric=numeric,branch=tag or active,evidence_ids=ids,missing_status=missing_status))
        for key in ('hs_revision','hs6','national_tariff_line','commercial_name_en','commercial_name_ar','application_boundary'):
            add('identity',key,analysis['opportunity'].get(key,MISSING),'analysis.opportunity.'+key,tag=public)
        # The explicit whitelist maps only inputs already accepted by the engine.
        for name,block in [('target_specification','identity'),('plant_line','supply'),('demand','demand'),('upgrade','supply')]:
            item=inputs.get(name)
            if scenario is None and name in ('plant_line','upgrade'):continue
            for key in SCENARIO_FIELDS[name]:
                value=item['data'].get(key,MISSING) if item else MISSING
                numeric=key in NUMERIC_SCENARIO.get(name,set())
                unit=('kt' if key.endswith('_kt') else 'mm' if key.endswith('_mm') else 'µm' if key.endswith('_um') else 'g/m²' if key.endswith('_g_m2') else 'months' if key=='schedule_months' else 'ratio' if numeric else None)
                add(block,key,value,f'scenario.synthetic_inputs.{name}.{key}' if item and key in item['data'] else None,unit,numeric=numeric,
                    ids=item['evidence_ids'] if item else [])
        trade=analysis['trade'];latest=max(trade,key=lambda row:row['year']) if trade else {}
        for key,unit in [('year','year'),('imports_usd_m','USD m'),('imports_kt','kt')]:
            path=f"analysis.trade[{trade.index(latest)}].{key}" if trade else f'analysis.trade[].{key}'
            add('demand',key,latest.get(key,MISSING),path,unit,numeric=True,tag=public)
        for key in ('buyers','buyer_concentration','demand_timing'):
            add('demand',key,MISSING,None)
        blocks['demand']['records']={key:deepcopy(analysis.get(key)) for key in ('trade','trade_quality','domestic_flows','supplier_metrics','partner_detail')}
        blocks['demand']['records']['r8']=[deepcopy(r) for r in analysis['rules'] if r['rule_id']=='R8']
        blocks['supply']['records']={'producers':deepcopy(analysis['domestic_capability'].get('producer_evidence',[])),
                                   'coarse_adjacency_signals':deepcopy(analysis['domestic_capability'].get('coarse_adjacency_signals',[]))}
        for key in ('effective_qualified_capacity_kt','qualified_available_kt','specification_adjusted_gap_kt'):
            add('supply' if key!='specification_adjusted_gap_kt' else 'gap',key,(analysis.get('capacity') or {}).get(key,MISSING),'analysis.capacity.'+key,'kt',numeric=True)
        blocks['gap']['records']={key:deepcopy(analysis.get(key)) for key in ('gap_class','hard_exclusions','rejection_conditions','advance_gate','evidence_class_assessment')}
        capability=analysis['capability']
        for key in ('known_weight_coverage','unknown_weight','unknown_penalty_lambda','minimum_known_coverage','d_star'):
            add('capability',key,capability.get(key,MISSING),'analysis.capability.'+key,'ratio',numeric=True)
        blocks['capability']['records']={key:deepcopy(capability.get(key)) for key in ('dimensions','profile_hard_gates','unresolved_hard_gates','known_hard_gate_failures','route_band','route_publishable')}
        blocks['capability']['records'].update({'routes':deepcopy(analysis['route_hypotheses']),
                                             'public_routes':deepcopy(analysis['real_decision']['route_hypotheses']),
                                             'counterfactual':deepcopy(analysis['active_decision'].get('counterfactual'))})
        economics=analysis.get('economics') or {}
        for key,unit in [('unsupported_npv_m','SAR m'),('unsupported_irr','ratio'),('minimum_effective_support_m','SAR m'),('supported_npv_m','SAR m'),('supported_irr','ratio'),('hurdle_rate','ratio')]:
            add('economics',key,economics.get(key,MISSING),'analysis.economics.'+key,unit,numeric=True,missing_status='NOT_CALCULABLE')
        add('economics','downside_result',MISSING,'analysis.economics.downside_result','SAR m',numeric=True,missing_status='NOT_CALCULABLE')
        blocks['economics']['records']['national_value']=deepcopy(economics.get('national_value'))
        if scenario:
            evsi=analysis.get('evsi')
            blocks['conditions']['records']['evsi']=deepcopy(evsi)
            add('conditions','approximate_evsi_m_sar',(evsi or {}).get('approximate_evsi_m_sar',MISSING),'analysis.evsi.approximate_evsi_m_sar','SAR m',numeric=True)
        competition=analysis.get('competition') or {}
        for key,unit in [('post_entry_capacity_to_downside_demand','ratio'),('displacement_m_sar','SAR m')]:
>           add('competition',key,competition.get(key,MISSING),'analysis.competition.'+key,unit,numeric=True)
                                  ^^^^^^^^^^^^^^^
E           AttributeError: 'list' object has no attribute 'get'

src/ior_mvp/dossier_projection.py:135: AttributeError
_______ test_malformed_optional_mapping_has_typed_422[dossier.html-evsi] _______

monkeypatch = <_pytest.monkeypatch.MonkeyPatch object at 0x7109aa1bd8b0>
field = 'evsi', suffix = 'dossier.html'

    @pytest.mark.parametrize('field',['capacity','economics','competition','evsi'])
    @pytest.mark.parametrize('suffix',['dossier','dossier.html'])
    def test_malformed_optional_mapping_has_typed_422(monkeypatch,field,suffix):
        import importlib
        from ior_mvp.dossier_validation import DossierIntegrityError
        analysis=deepcopy(analyze('SAU-H0-721049','simulated'))
        analysis[field]=[1]
>       with pytest.raises(DossierIntegrityError):build_dossier(analysis)
                                                  ^^^^^^^^^^^^^^^^^^^^^^^

tests/test_dossier_isolation.py:70: 
_ _ _ _ _ _ _ _ _ _ _ _ _ _ _ _ _ _ _ _ _ _ _ _ _ _ _ _ _ _ _ _ _ _ _ _ _ _ _ _ 
src/ior_mvp/dossier.py:188: in build_dossier
    result.update(project_dossier(analysis, scenario))
                  ^^^^^^^^^^^^^^^^^^^^^^^^^^^^^^^^^^^
_ _ _ _ _ _ _ _ _ _ _ _ _ _ _ _ _ _ _ _ _ _ _ _ _ _ _ _ _ _ _ _ _ _ _ _ _ _ _ _ 

analysis = {'active_decision': {'advance_gate': {'basis': 'CLASS_IF_CONFIRMED', 'blocked_classes': ['D', 'E'], 'blocked_fields': ...7ce5e450013719275acb7ed1470847b21fb2cc547c8ac4ce9', 'sha256_prefix': '5717cbd42acc'}, 'project_version': '0.2.0'}, ...}
scenario = {'decision_narrative': {'ADVANCE': {'conditions': [{'ar': 'تحقيق قبول العملاء للمواصفة المستهدفة المسماة.', 'en': 'Ach...ompetition warning supplied by this scenario.', 'expected_route_code': 5, 'expected_simulation_state': 'ADVANCE'}, ...}

    def project_dossier(analysis: dict, scenario: dict | None) -> dict:
        active=boundary(analysis['mode'],scenario);public=boundary('public',None)
        names=('decision','identity','demand','supply','gap','capability','economics','competition','ledger','evidence','conditions','authority')
        blocks={name:{'key':name,'status':'AVAILABLE','fields':[],'records':{},**active} for name in names}
        inputs=project_inputs(scenario,analysis['evidence'])
        blocks['decision']['records']={'active_decision':deepcopy(analysis['active_decision'])}
        def add(block,key,value,path,unit=None,*,numeric=False,tag=None,ids=None,missing_status='UNAVAILABLE'):
            blocks[block]['fields'].append(scalar(key,value,path,unit,numeric=numeric,branch=tag or active,evidence_ids=ids,missing_status=missing_status))
        for key in ('hs_revision','hs6','national_tariff_line','commercial_name_en','commercial_name_ar','application_boundary'):
            add('identity',key,analysis['opportunity'].get(key,MISSING),'analysis.opportunity.'+key,tag=public)
        # The explicit whitelist maps only inputs already accepted by the engine.
        for name,block in [('target_specification','identity'),('plant_line','supply'),('demand','demand'),('upgrade','supply')]:
            item=inputs.get(name)
            if scenario is None and name in ('plant_line','upgrade'):continue
            for key in SCENARIO_FIELDS[name]:
                value=item['data'].get(key,MISSING) if item else MISSING
                numeric=key in NUMERIC_SCENARIO.get(name,set())
                unit=('kt' if key.endswith('_kt') else 'mm' if key.endswith('_mm') else 'µm' if key.endswith('_um') else 'g/m²' if key.endswith('_g_m2') else 'months' if key=='schedule_months' else 'ratio' if numeric else None)
                add(block,key,value,f'scenario.synthetic_inputs.{name}.{key}' if item and key in item['data'] else None,unit,numeric=numeric,
                    ids=item['evidence_ids'] if item else [])
        trade=analysis['trade'];latest=max(trade,key=lambda row:row['year']) if trade else {}
        for key,unit in [('year','year'),('imports_usd_m','USD m'),('imports_kt','kt')]:
            path=f"analysis.trade[{trade.index(latest)}].{key}" if trade else f'analysis.trade[].{key}'
            add('demand',key,latest.get(key,MISSING),path,unit,numeric=True,tag=public)
        for key in ('buyers','buyer_concentration','demand_timing'):
            add('demand',key,MISSING,None)
        blocks['demand']['records']={key:deepcopy(analysis.get(key)) for key in ('trade','trade_quality','domestic_flows','supplier_metrics','partner_detail')}
        blocks['demand']['records']['r8']=[deepcopy(r) for r in analysis['rules'] if r['rule_id']=='R8']
        blocks['supply']['records']={'producers':deepcopy(analysis['domestic_capability'].get('producer_evidence',[])),
                                   'coarse_adjacency_signals':deepcopy(analysis['domestic_capability'].get('coarse_adjacency_signals',[]))}
        for key in ('effective_qualified_capacity_kt','qualified_available_kt','specification_adjusted_gap_kt'):
            add('supply' if key!='specification_adjusted_gap_kt' else 'gap',key,(analysis.get('capacity') or {}).get(key,MISSING),'analysis.capacity.'+key,'kt',numeric=True)
        blocks['gap']['records']={key:deepcopy(analysis.get(key)) for key in ('gap_class','hard_exclusions','rejection_conditions','advance_gate','evidence_class_assessment')}
        capability=analysis['capability']
        for key in ('known_weight_coverage','unknown_weight','unknown_penalty_lambda','minimum_known_coverage','d_star'):
            add('capability',key,capability.get(key,MISSING),'analysis.capability.'+key,'ratio',numeric=True)
        blocks['capability']['records']={key:deepcopy(capability.get(key)) for key in ('dimensions','profile_hard_gates','unresolved_hard_gates','known_hard_gate_failures','route_band','route_publishable')}
        blocks['capability']['records'].update({'routes':deepcopy(analysis['route_hypotheses']),
                                             'public_routes':deepcopy(analysis['real_decision']['route_hypotheses']),
                                             'counterfactual':deepcopy(analysis['active_decision'].get('counterfactual'))})
        economics=analysis.get('economics') or {}
        for key,unit in [('unsupported_npv_m','SAR m'),('unsupported_irr','ratio'),('minimum_effective_support_m','SAR m'),('supported_npv_m','SAR m'),('supported_irr','ratio'),('hurdle_rate','ratio')]:
            add('economics',key,economics.get(key,MISSING),'analysis.economics.'+key,unit,numeric=True,missing_status='NOT_CALCULABLE')
        add('economics','downside_result',MISSING,'analysis.economics.downside_result','SAR m',numeric=True,missing_status='NOT_CALCULABLE')
        blocks['economics']['records']['national_value']=deepcopy(economics.get('national_value'))
        if scenario:
            evsi=analysis.get('evsi')
            blocks['conditions']['records']['evsi']=deepcopy(evsi)
>           add('conditions','approximate_evsi_m_sar',(evsi or {}).get('approximate_evsi_m_sar',MISSING),'analysis.evsi.approximate_evsi_m_sar','SAR m',numeric=True)
                                                      ^^^^^^^^^^^^^^^^
E           AttributeError: 'list' object has no attribute 'get'

src/ior_mvp/dossier_projection.py:132: AttributeError
___________ test_trade_missing_required_year_has_typed_422[dossier] ____________

monkeypatch = <_pytest.monkeypatch.MonkeyPatch object at 0x7109aa301b80>
suffix = 'dossier'

    @pytest.mark.parametrize('suffix',['dossier','dossier.html'])
    def test_trade_missing_required_year_has_typed_422(monkeypatch,suffix):
        import importlib
        from ior_mvp.dossier_validation import DossierIntegrityError
        analysis=deepcopy(analyze('SAU-H0-721049','public'))
        del analysis['trade'][0]['year']
>       with pytest.raises(DossierIntegrityError):build_dossier(analysis)
                                                  ^^^^^^^^^^^^^^^^^^^^^^^

tests/test_dossier_isolation.py:83: 
_ _ _ _ _ _ _ _ _ _ _ _ _ _ _ _ _ _ _ _ _ _ _ _ _ _ _ _ _ _ _ _ _ _ _ _ _ _ _ _ 
src/ior_mvp/dossier.py:51: in build_dossier
    latest = max(analysis["trade"], key=lambda row: row["year"]) if analysis["trade"] else {}
             ^^^^^^^^^^^^^^^^^^^^^^^^^^^^^^^^^^^^^^^^^^^^^^^^^^^
_ _ _ _ _ _ _ _ _ _ _ _ _ _ _ _ _ _ _ _ _ _ _ _ _ _ _ _ _ _ _ _ _ _ _ _ _ _ _ _ 

row = {'exports_kt': 39.7, 'exports_usd_m': 49.6, 'gross_net_kt': 137.8, 'gross_net_usd_m': 144.5, ...}

>   latest = max(analysis["trade"], key=lambda row: row["year"]) if analysis["trade"] else {}
                                                    ^^^^^^^^^^^
E   KeyError: 'year'

src/ior_mvp/dossier.py:51: KeyError
_________ test_trade_missing_required_year_has_typed_422[dossier.html] _________

monkeypatch = <_pytest.monkeypatch.MonkeyPatch object at 0x7109a99f6b30>
suffix = 'dossier.html'

    @pytest.mark.parametrize('suffix',['dossier','dossier.html'])
    def test_trade_missing_required_year_has_typed_422(monkeypatch,suffix):
        import importlib
        from ior_mvp.dossier_validation import DossierIntegrityError
        analysis=deepcopy(analyze('SAU-H0-721049','public'))
        del analysis['trade'][0]['year']
>       with pytest.raises(DossierIntegrityError):build_dossier(analysis)
                                                  ^^^^^^^^^^^^^^^^^^^^^^^

tests/test_dossier_isolation.py:83: 
_ _ _ _ _ _ _ _ _ _ _ _ _ _ _ _ _ _ _ _ _ _ _ _ _ _ _ _ _ _ _ _ _ _ _ _ _ _ _ _ 
src/ior_mvp/dossier.py:51: in build_dossier
    latest = max(analysis["trade"], key=lambda row: row["year"]) if analysis["trade"] else {}
             ^^^^^^^^^^^^^^^^^^^^^^^^^^^^^^^^^^^^^^^^^^^^^^^^^^^
_ _ _ _ _ _ _ _ _ _ _ _ _ _ _ _ _ _ _ _ _ _ _ _ _ _ _ _ _ _ _ _ _ _ _ _ _ _ _ _ 

row = {'exports_kt': 39.7, 'exports_usd_m': 49.6, 'gross_net_kt': 137.8, 'gross_net_usd_m': 144.5, ...}

>   latest = max(analysis["trade"], key=lambda row: row["year"]) if analysis["trade"] else {}
                                                    ^^^^^^^^^^^
E   KeyError: 'year'

src/ior_mvp/dossier.py:51: KeyError
_ test_malformed_scenario_records_have_typed_422[dossier-route_evidence-value0] _

monkeypatch = <_pytest.monkeypatch.MonkeyPatch object at 0x7109a99f6350>
field = 'route_evidence', value = [None], suffix = 'dossier'

    @pytest.mark.parametrize(('field','value'),[
        ('route_evidence',[None]),
        ('buyer_allocation',{'basis':'synthetic fixture','buyers':[{'buyer_id':'B','segment':'fixture','quantity_kt':True}]}),
        ('buyer_allocation',{'basis':'synthetic fixture','buyers':[{'buyer_id':'B','segment':'fixture','quantity_kt':-1}]}),
    ])
    @pytest.mark.parametrize('suffix',['dossier','dossier.html'])
    def test_malformed_scenario_records_have_typed_422(monkeypatch,field,value,suffix):
        import importlib
        from ior_mvp.dossier_validation import DossierIntegrityError
        analysis=deepcopy(analyze('SAU-H0-721049','simulated'))
        context=deepcopy(data_repository.get_synthetic_scenario('SAU-H0-721049'))
        context['synthetic_inputs'][field]=value
        if field=='buyer_allocation':
            passport=deepcopy(next(row for row in analysis['evidence'] if row.get('synthetic_flag')))
            passport['evidence_id']=context['scenario_id']+'::buyer_allocation'
            analysis['evidence'].append(passport)
        monkeypatch.setattr(data_repository,'get_synthetic_scenario',lambda *args:context)
>       with pytest.raises(DossierIntegrityError):build_dossier(analysis)
                                                  ^^^^^^^^^^^^^^^^^^^^^^^

tests/test_dossier_isolation.py:107: 
_ _ _ _ _ _ _ _ _ _ _ _ _ _ _ _ _ _ _ _ _ _ _ _ _ _ _ _ _ _ _ _ _ _ _ _ _ _ _ _ 
src/ior_mvp/dossier.py:188: in build_dossier
    result.update(project_dossier(analysis, scenario))
                  ^^^^^^^^^^^^^^^^^^^^^^^^^^^^^^^^^^^
src/ior_mvp/dossier_projection.py:88: in project_dossier
    inputs=project_inputs(scenario,analysis['evidence'])
           ^^^^^^^^^^^^^^^^^^^^^^^^^^^^^^^^^^^^^^^^^^^^^
_ _ _ _ _ _ _ _ _ _ _ _ _ _ _ _ _ _ _ _ _ _ _ _ _ _ _ _ _ _ _ _ _ _ _ _ _ _ _ _ 

scenario = {'decision_narrative': {'ADVANCE': {'conditions': [{'ar': 'تحقيق قبول العملاء للمواصفة المستهدفة المسماة.', 'en': 'Ach...ompetition warning supplied by this scenario.', 'expected_route_code': 5, 'expected_simulation_state': 'ADVANCE'}, ...}
evidence = [{'contradiction': None, 'evidence_class': 'B', 'evidence_id': 'S-WITS-721049', 'period': '2021/2023/2024', ...}, {'co...NOT MINISTRY EVIDENCE'}, 'evidence_class': 'D', 'evidence_id': 'SYN-MINISTRY-STEEL-001::class_if_confirmed', ...}, ...]

    def project_inputs(scenario: dict | None, evidence: list[dict]) -> dict:
        if scenario is None:return {}
        passports={row['evidence_id'] for row in evidence}
        inputs=scenario['synthetic_inputs'];result={};tag=boundary('simulated',scenario)
        for name,whitelist in SCENARIO_FIELDS.items():
            if name not in inputs:continue
            value=require_mapping(inputs[name],f'scenario.synthetic_inputs.{name}')
            if set(value)-set(whitelist):
                raise DossierIntegrityError(f'Dossier unreviewed scenario fields: {name}')
            evidence_id=f"{scenario['scenario_id']}::{name}"
            if evidence_id not in passports:
                raise DossierIntegrityError(f'Dossier scenario passport missing: {evidence_id}')
            if name=='buyer_allocation':
                buyers=value.get('buyers',[])
                if not isinstance(buyers,list) or any(not isinstance(row,dict) or set(row)-{'buyer_id','segment','quantity_kt'} for row in buyers):
                    raise DossierIntegrityError('Dossier buyer allocation whitelist mismatch')
            result[name]={'data':deepcopy(value),'source_path':f'scenario.synthetic_inputs.{name}',
                          'evidence_ids':[evidence_id],**tag}
        routes=inputs.get('route_evidence',[])
        if not isinstance(routes,list):raise DossierIntegrityError('Dossier route evidence must be a list')
>       selected=[{key:deepcopy(row[key]) for key in ('route_code','downside_cash_flows_m_sar','hurdle_rate','basis') if key in row}
                                                                                                                         ^^^^^^^^^^
                  for row in routes]
E       TypeError: argument of type 'NoneType' is not a container or iterable

src/ior_mvp/dossier_projection.py:74: TypeError
_ test_malformed_scenario_records_have_typed_422[dossier-buyer_allocation-value1] _

monkeypatch = <_pytest.monkeypatch.MonkeyPatch object at 0x7109aa188fc0>
field = 'buyer_allocation'
value = {'basis': 'synthetic fixture', 'buyers': [{'buyer_id': 'B', 'quantity_kt': True, 'segment': 'fixture'}]}
suffix = 'dossier'

    @pytest.mark.parametrize(('field','value'),[
        ('route_evidence',[None]),
        ('buyer_allocation',{'basis':'synthetic fixture','buyers':[{'buyer_id':'B','segment':'fixture','quantity_kt':True}]}),
        ('buyer_allocation',{'basis':'synthetic fixture','buyers':[{'buyer_id':'B','segment':'fixture','quantity_kt':-1}]}),
    ])
    @pytest.mark.parametrize('suffix',['dossier','dossier.html'])
    def test_malformed_scenario_records_have_typed_422(monkeypatch,field,value,suffix):
        import importlib
        from ior_mvp.dossier_validation import DossierIntegrityError
        analysis=deepcopy(analyze('SAU-H0-721049','simulated'))
        context=deepcopy(data_repository.get_synthetic_scenario('SAU-H0-721049'))
        context['synthetic_inputs'][field]=value
        if field=='buyer_allocation':
            passport=deepcopy(next(row for row in analysis['evidence'] if row.get('synthetic_flag')))
            passport['evidence_id']=context['scenario_id']+'::buyer_allocation'
            analysis['evidence'].append(passport)
        monkeypatch.setattr(data_repository,'get_synthetic_scenario',lambda *args:context)
>       with pytest.raises(DossierIntegrityError):build_dossier(analysis)
             ^^^^^^^^^^^^^^^^^^^^^^^^^^^^^^^^^^^^
E       Failed: DID NOT RAISE <class 'ior_mvp.dossier_validation.DossierIntegrityError'>

tests/test_dossier_isolation.py:107: Failed
_ test_malformed_scenario_records_have_typed_422[dossier-buyer_allocation-value2] _

monkeypatch = <_pytest.monkeypatch.MonkeyPatch object at 0x7109a9ff7e90>
field = 'buyer_allocation'
value = {'basis': 'synthetic fixture', 'buyers': [{'buyer_id': 'B', 'quantity_kt': -1, 'segment': 'fixture'}]}
suffix = 'dossier'

    @pytest.mark.parametrize(('field','value'),[
        ('route_evidence',[None]),
        ('buyer_allocation',{'basis':'synthetic fixture','buyers':[{'buyer_id':'B','segment':'fixture','quantity_kt':True}]}),
        ('buyer_allocation',{'basis':'synthetic fixture','buyers':[{'buyer_id':'B','segment':'fixture','quantity_kt':-1}]}),
    ])
    @pytest.mark.parametrize('suffix',['dossier','dossier.html'])
    def test_malformed_scenario_records_have_typed_422(monkeypatch,field,value,suffix):
        import importlib
        from ior_mvp.dossier_validation import DossierIntegrityError
        analysis=deepcopy(analyze('SAU-H0-721049','simulated'))
        context=deepcopy(data_repository.get_synthetic_scenario('SAU-H0-721049'))
        context['synthetic_inputs'][field]=value
        if field=='buyer_allocation':
            passport=deepcopy(next(row for row in analysis['evidence'] if row.get('synthetic_flag')))
            passport['evidence_id']=context['scenario_id']+'::buyer_allocation'
            analysis['evidence'].append(passport)
        monkeypatch.setattr(data_repository,'get_synthetic_scenario',lambda *args:context)
>       with pytest.raises(DossierIntegrityError):build_dossier(analysis)
             ^^^^^^^^^^^^^^^^^^^^^^^^^^^^^^^^^^^^
E       Failed: DID NOT RAISE <class 'ior_mvp.dossier_validation.DossierIntegrityError'>

tests/test_dossier_isolation.py:107: Failed
_ test_malformed_scenario_records_have_typed_422[dossier.html-route_evidence-value0] _

monkeypatch = <_pytest.monkeypatch.MonkeyPatch object at 0x7109ac02b410>
field = 'route_evidence', value = [None], suffix = 'dossier.html'

    @pytest.mark.parametrize(('field','value'),[
        ('route_evidence',[None]),
        ('buyer_allocation',{'basis':'synthetic fixture','buyers':[{'buyer_id':'B','segment':'fixture','quantity_kt':True}]}),
        ('buyer_allocation',{'basis':'synthetic fixture','buyers':[{'buyer_id':'B','segment':'fixture','quantity_kt':-1}]}),
    ])
    @pytest.mark.parametrize('suffix',['dossier','dossier.html'])
    def test_malformed_scenario_records_have_typed_422(monkeypatch,field,value,suffix):
        import importlib
        from ior_mvp.dossier_validation import DossierIntegrityError
        analysis=deepcopy(analyze('SAU-H0-721049','simulated'))
        context=deepcopy(data_repository.get_synthetic_scenario('SAU-H0-721049'))
        context['synthetic_inputs'][field]=value
        if field=='buyer_allocation':
            passport=deepcopy(next(row for row in analysis['evidence'] if row.get('synthetic_flag')))
            passport['evidence_id']=context['scenario_id']+'::buyer_allocation'
            analysis['evidence'].append(passport)
        monkeypatch.setattr(data_repository,'get_synthetic_scenario',lambda *args:context)
>       with pytest.raises(DossierIntegrityError):build_dossier(analysis)
                                                  ^^^^^^^^^^^^^^^^^^^^^^^

tests/test_dossier_isolation.py:107: 
_ _ _ _ _ _ _ _ _ _ _ _ _ _ _ _ _ _ _ _ _ _ _ _ _ _ _ _ _ _ _ _ _ _ _ _ _ _ _ _ 
src/ior_mvp/dossier.py:188: in build_dossier
    result.update(project_dossier(analysis, scenario))
                  ^^^^^^^^^^^^^^^^^^^^^^^^^^^^^^^^^^^
src/ior_mvp/dossier_projection.py:88: in project_dossier
    inputs=project_inputs(scenario,analysis['evidence'])
           ^^^^^^^^^^^^^^^^^^^^^^^^^^^^^^^^^^^^^^^^^^^^^
_ _ _ _ _ _ _ _ _ _ _ _ _ _ _ _ _ _ _ _ _ _ _ _ _ _ _ _ _ _ _ _ _ _ _ _ _ _ _ _ 

scenario = {'decision_narrative': {'ADVANCE': {'conditions': [{'ar': 'تحقيق قبول العملاء للمواصفة المستهدفة المسماة.', 'en': 'Ach...ompetition warning supplied by this scenario.', 'expected_route_code': 5, 'expected_simulation_state': 'ADVANCE'}, ...}
evidence = [{'contradiction': None, 'evidence_class': 'B', 'evidence_id': 'S-WITS-721049', 'period': '2021/2023/2024', ...}, {'co...NOT MINISTRY EVIDENCE'}, 'evidence_class': 'D', 'evidence_id': 'SYN-MINISTRY-STEEL-001::class_if_confirmed', ...}, ...]

    def project_inputs(scenario: dict | None, evidence: list[dict]) -> dict:
        if scenario is None:return {}
        passports={row['evidence_id'] for row in evidence}
        inputs=scenario['synthetic_inputs'];result={};tag=boundary('simulated',scenario)
        for name,whitelist in SCENARIO_FIELDS.items():
            if name not in inputs:continue
            value=require_mapping(inputs[name],f'scenario.synthetic_inputs.{name}')
            if set(value)-set(whitelist):
                raise DossierIntegrityError(f'Dossier unreviewed scenario fields: {name}')
            evidence_id=f"{scenario['scenario_id']}::{name}"
            if evidence_id not in passports:
                raise DossierIntegrityError(f'Dossier scenario passport missing: {evidence_id}')
            if name=='buyer_allocation':
                buyers=value.get('buyers',[])
                if not isinstance(buyers,list) or any(not isinstance(row,dict) or set(row)-{'buyer_id','segment','quantity_kt'} for row in buyers):
                    raise DossierIntegrityError('Dossier buyer allocation whitelist mismatch')
            result[name]={'data':deepcopy(value),'source_path':f'scenario.synthetic_inputs.{name}',
                          'evidence_ids':[evidence_id],**tag}
        routes=inputs.get('route_evidence',[])
        if not isinstance(routes,list):raise DossierIntegrityError('Dossier route evidence must be a list')
>       selected=[{key:deepcopy(row[key]) for key in ('route_code','downside_cash_flows_m_sar','hurdle_rate','basis') if key in row}
                                                                                                                         ^^^^^^^^^^
                  for row in routes]
E       TypeError: argument of type 'NoneType' is not a container or iterable

src/ior_mvp/dossier_projection.py:74: TypeError
_ test_malformed_scenario_records_have_typed_422[dossier.html-buyer_allocation-value1] _

monkeypatch = <_pytest.monkeypatch.MonkeyPatch object at 0x7109aa1e9b20>
field = 'buyer_allocation'
value = {'basis': 'synthetic fixture', 'buyers': [{'buyer_id': 'B', 'quantity_kt': True, 'segment': 'fixture'}]}
suffix = 'dossier.html'

    @pytest.mark.parametrize(('field','value'),[
        ('route_evidence',[None]),
        ('buyer_allocation',{'basis':'synthetic fixture','buyers':[{'buyer_id':'B','segment':'fixture','quantity_kt':True}]}),
        ('buyer_allocation',{'basis':'synthetic fixture','buyers':[{'buyer_id':'B','segment':'fixture','quantity_kt':-1}]}),
    ])
    @pytest.mark.parametrize('suffix',['dossier','dossier.html'])
    def test_malformed_scenario_records_have_typed_422(monkeypatch,field,value,suffix):
        import importlib
        from ior_mvp.dossier_validation import DossierIntegrityError
        analysis=deepcopy(analyze('SAU-H0-721049','simulated'))
        context=deepcopy(data_repository.get_synthetic_scenario('SAU-H0-721049'))
        context['synthetic_inputs'][field]=value
        if field=='buyer_allocation':
            passport=deepcopy(next(row for row in analysis['evidence'] if row.get('synthetic_flag')))
            passport['evidence_id']=context['scenario_id']+'::buyer_allocation'
            analysis['evidence'].append(passport)
        monkeypatch.setattr(data_repository,'get_synthetic_scenario',lambda *args:context)
>       with pytest.raises(DossierIntegrityError):build_dossier(analysis)
             ^^^^^^^^^^^^^^^^^^^^^^^^^^^^^^^^^^^^
E       Failed: DID NOT RAISE <class 'ior_mvp.dossier_validation.DossierIntegrityError'>

tests/test_dossier_isolation.py:107: Failed
_ test_malformed_scenario_records_have_typed_422[dossier.html-buyer_allocation-value2] _

monkeypatch = <_pytest.monkeypatch.MonkeyPatch object at 0x7109aa1e92e0>
field = 'buyer_allocation'
value = {'basis': 'synthetic fixture', 'buyers': [{'buyer_id': 'B', 'quantity_kt': -1, 'segment': 'fixture'}]}
suffix = 'dossier.html'

    @pytest.mark.parametrize(('field','value'),[
        ('route_evidence',[None]),
        ('buyer_allocation',{'basis':'synthetic fixture','buyers':[{'buyer_id':'B','segment':'fixture','quantity_kt':True}]}),
        ('buyer_allocation',{'basis':'synthetic fixture','buyers':[{'buyer_id':'B','segment':'fixture','quantity_kt':-1}]}),
    ])
    @pytest.mark.parametrize('suffix',['dossier','dossier.html'])
    def test_malformed_scenario_records_have_typed_422(monkeypatch,field,value,suffix):
        import importlib
        from ior_mvp.dossier_validation import DossierIntegrityError
        analysis=deepcopy(analyze('SAU-H0-721049','simulated'))
        context=deepcopy(data_repository.get_synthetic_scenario('SAU-H0-721049'))
        context['synthetic_inputs'][field]=value
        if field=='buyer_allocation':
            passport=deepcopy(next(row for row in analysis['evidence'] if row.get('synthetic_flag')))
            passport['evidence_id']=context['scenario_id']+'::buyer_allocation'
            analysis['evidence'].append(passport)
        monkeypatch.setattr(data_repository,'get_synthetic_scenario',lambda *args:context)
>       with pytest.raises(DossierIntegrityError):build_dossier(analysis)
             ^^^^^^^^^^^^^^^^^^^^^^^^^^^^^^^^^^^^
E       Failed: DID NOT RAISE <class 'ior_mvp.dossier_validation.DossierIntegrityError'>

tests/test_dossier_isolation.py:107: Failed
=============================== warnings summary ===============================
.venv/lib/python3.14/site-packages/fastapi/testclient.py:1
  /home/barami/projects/ior-worktrees/s19/.venv/lib/python3.14/site-packages/fastapi/testclient.py:1: StarletteDeprecationWarning: Using `httpx` with `starlette.testclient` is deprecated; install `httpx2` instead.
    from starlette.testclient import TestClient as TestClient  # noqa

-- Docs: https://docs.pytest.org/en/stable/how-to/capture-warnings.html
=========================== short test summary info ============================
FAILED tests/test_dossier_isolation.py::test_malformed_optional_mapping_has_typed_422[dossier-capacity]
FAILED tests/test_dossier_isolation.py::test_malformed_optional_mapping_has_typed_422[dossier-economics]
FAILED tests/test_dossier_isolation.py::test_malformed_optional_mapping_has_typed_422[dossier-competition]
FAILED tests/test_dossier_isolation.py::test_malformed_optional_mapping_has_typed_422[dossier-evsi]
FAILED tests/test_dossier_isolation.py::test_malformed_optional_mapping_has_typed_422[dossier.html-capacity]
FAILED tests/test_dossier_isolation.py::test_malformed_optional_mapping_has_typed_422[dossier.html-economics]
FAILED tests/test_dossier_isolation.py::test_malformed_optional_mapping_has_typed_422[dossier.html-competition]
FAILED tests/test_dossier_isolation.py::test_malformed_optional_mapping_has_typed_422[dossier.html-evsi]
FAILED tests/test_dossier_isolation.py::test_trade_missing_required_year_has_typed_422[dossier]
FAILED tests/test_dossier_isolation.py::test_trade_missing_required_year_has_typed_422[dossier.html]
FAILED tests/test_dossier_isolation.py::test_malformed_scenario_records_have_typed_422[dossier-route_evidence-value0]
FAILED tests/test_dossier_isolation.py::test_malformed_scenario_records_have_typed_422[dossier-buyer_allocation-value1]
FAILED tests/test_dossier_isolation.py::test_malformed_scenario_records_have_typed_422[dossier-buyer_allocation-value2]
FAILED tests/test_dossier_isolation.py::test_malformed_scenario_records_have_typed_422[dossier.html-route_evidence-value0]
FAILED tests/test_dossier_isolation.py::test_malformed_scenario_records_have_typed_422[dossier.html-buyer_allocation-value1]
FAILED tests/test_dossier_isolation.py::test_malformed_scenario_records_have_typed_422[dossier.html-buyer_allocation-value2]
16 failed, 19 deselected, 1 warning in 0.47s
