 Network m-final-graph-20260926-m1-net Creating 
 Network m-final-graph-20260926-m1-net Creating 
 Volume m-final-graph-20260926-m1-data Creating 
 Volume m-final-graph-20260926-m1-data Creating 
 Volume m-final-graph-20260926-m1-data Created 
 Volume m-final-graph-20260926-m1-data Created 
 Network m-final-graph-20260926-m1-net Created 
 Network m-final-graph-20260926-m1-net Created 
 Container m-final-graph-20260926-m1-neo4j Creating 
 Container m-final-graph-20260926-m1-neo4j Created 
 Container m-final-graph-20260926-m1-neo4j Starting 
 Container m-final-graph-20260926-m1-neo4j Started 
/home/barami/projects/industrial-opportunity-resolution-mvp/.autonomous-workflow/mission-20260925/ministry-decision/final-candidate-m1-successor/proof/.venv/lib/python3.14/site-packages/neo4j/_sync/io/_bolt.py:199: DeprecationWarning: 'asyncio.iscoroutinefunction' is deprecated and slated for removal in Python 3.16; use inspect.iscoroutinefunction() instead
  if not asyncio.iscoroutinefunction(self.close):
/home/barami/projects/industrial-opportunity-resolution-mvp/.autonomous-workflow/mission-20260925/ministry-decision/final-candidate-m1-successor/proof/.venv/lib/python3.14/site-packages/neo4j/_sync/io/_bolt.py:199: DeprecationWarning: 'asyncio.iscoroutinefunction' is deprecated and slated for removal in Python 3.16; use inspect.iscoroutinefunction() instead
  if not asyncio.iscoroutinefunction(self.close):
/home/barami/projects/industrial-opportunity-resolution-mvp/.autonomous-workflow/mission-20260925/ministry-decision/final-candidate-m1-successor/proof/.venv/lib/python3.14/site-packages/neo4j/_sync/io/_bolt.py:199: DeprecationWarning: 'asyncio.iscoroutinefunction' is deprecated and slated for removal in Python 3.16; use inspect.iscoroutinefunction() instead
  if not asyncio.iscoroutinefunction(self.close):
/home/barami/projects/industrial-opportunity-resolution-mvp/.autonomous-workflow/mission-20260925/ministry-decision/final-candidate-m1-successor/proof/.venv/lib/python3.14/site-packages/neo4j/_sync/io/_bolt.py:199: DeprecationWarning: 'asyncio.iscoroutinefunction' is deprecated and slated for removal in Python 3.16; use inspect.iscoroutinefunction() instead
  if not asyncio.iscoroutinefunction(self.close):
 Container m-final-graph-20260926-m1-neo4j Stopping 
 Container m-final-graph-20260926-m1-neo4j Stopped 
 Container m-final-graph-20260926-m1-neo4j Removing 
 Container m-final-graph-20260926-m1-neo4j Removed 
 Network m-final-graph-20260926-m1-net Removing 
 Network m-final-graph-20260926-m1-net Removed 
