make[1]: Entering directory '/home/barami/projects/industrial-opportunity-resolution-mvp/.autonomous-workflow/mission-20260925/ministry-decision/final-candidate-m1-successor/proof'
PYTHONDONTWRITEBYTECODE=1 PYTHONPYCACHEPREFIX=/home/barami/projects/industrial-opportunity-resolution-mvp/.autonomous-workflow/mission-20260925/ministry-decision/graph-gate-m1-successor/pycache \
	PYTHONPATH=src /home/barami/.local/bin/uv run --locked --extra dev --extra graph python -m ior_mvp.graph credential
CREDENTIAL_CREATED
docker compose up -d --pull never industrial-mvp-neo4j
NEO4J_AUTH_FILE="/home/barami/projects/industrial-opportunity-resolution-mvp/.autonomous-workflow/mission-20260925/ministry-decision/final-candidate-m1-successor/proof/.secrets/neo4j_auth.txt" \
	PYTHONDONTWRITEBYTECODE=1 PYTHONPYCACHEPREFIX=/home/barami/projects/industrial-opportunity-resolution-mvp/.autonomous-workflow/mission-20260925/ministry-decision/graph-gate-m1-successor/pycache \
	PYTHONPATH=src /home/barami/.local/bin/uv run --locked --extra dev --extra graph python -m ior_mvp.graph wait \
	--target compose --timeout 180
GRAPH READY (compose)
make[1]: Leaving directory '/home/barami/projects/industrial-opportunity-resolution-mvp/.autonomous-workflow/mission-20260925/ministry-decision/final-candidate-m1-successor/proof'
GRAPH CLEAR PASS (compose)
make[1]: Entering directory '/home/barami/projects/industrial-opportunity-resolution-mvp/.autonomous-workflow/mission-20260925/ministry-decision/final-candidate-m1-successor/proof'
NEO4J_AUTH_FILE="/home/barami/projects/industrial-opportunity-resolution-mvp/.autonomous-workflow/mission-20260925/ministry-decision/final-candidate-m1-successor/proof/.secrets/neo4j_auth.txt" \
	PYTHONDONTWRITEBYTECODE=1 PYTHONPYCACHEPREFIX=/home/barami/projects/industrial-opportunity-resolution-mvp/.autonomous-workflow/mission-20260925/ministry-decision/graph-gate-m1-successor/pycache \
	PYTHONPATH=src /home/barami/.local/bin/uv run --locked --extra dev --extra graph python -m ior_mvp.graph load \
	--target compose
GRAPH LOAD PASS (compose; GRAPH-SAU-2026-09-12-0a0f601330ca; created 1160 nodes / 1248 relationships)
make[1]: Leaving directory '/home/barami/projects/industrial-opportunity-resolution-mvp/.autonomous-workflow/mission-20260925/ministry-decision/final-candidate-m1-successor/proof'
make[1]: Entering directory '/home/barami/projects/industrial-opportunity-resolution-mvp/.autonomous-workflow/mission-20260925/ministry-decision/final-candidate-m1-successor/proof'
NEO4J_AUTH_FILE="/home/barami/projects/industrial-opportunity-resolution-mvp/.autonomous-workflow/mission-20260925/ministry-decision/final-candidate-m1-successor/proof/.secrets/neo4j_auth.txt" \
	PYTHONDONTWRITEBYTECODE=1 PYTHONPYCACHEPREFIX=/home/barami/projects/industrial-opportunity-resolution-mvp/.autonomous-workflow/mission-20260925/ministry-decision/graph-gate-m1-successor/pycache \
	PYTHONPATH=src /home/barami/.local/bin/uv run --locked --extra dev --extra graph python -m ior_mvp.graph load \
	--target compose
GRAPH LOAD PASS (compose; GRAPH-SAU-2026-09-12-0a0f601330ca; created 0 nodes / 0 relationships)
make[1]: Leaving directory '/home/barami/projects/industrial-opportunity-resolution-mvp/.autonomous-workflow/mission-20260925/ministry-decision/final-candidate-m1-successor/proof'
make[1]: Entering directory '/home/barami/projects/industrial-opportunity-resolution-mvp/.autonomous-workflow/mission-20260925/ministry-decision/final-candidate-m1-successor/proof'
NEO4J_AUTH_FILE="/home/barami/projects/industrial-opportunity-resolution-mvp/.autonomous-workflow/mission-20260925/ministry-decision/final-candidate-m1-successor/proof/.secrets/neo4j_auth.txt" \
	PYTHONDONTWRITEBYTECODE=1 PYTHONPYCACHEPREFIX=/home/barami/projects/industrial-opportunity-resolution-mvp/.autonomous-workflow/mission-20260925/ministry-decision/graph-gate-m1-successor/pycache \
	PYTHONPATH=src /home/barami/.local/bin/uv run --locked --extra dev --extra graph python -m ior_mvp.graph verify \
	--target compose
GRAPH VERIFY PASS (compose; GRAPH-SAU-2026-09-12-0a0f601330ca; 1160 nodes; 1248 edges)
make[1]: Leaving directory '/home/barami/projects/industrial-opportunity-resolution-mvp/.autonomous-workflow/mission-20260925/ministry-decision/final-candidate-m1-successor/proof'
make[1]: Entering directory '/home/barami/projects/industrial-opportunity-resolution-mvp/.autonomous-workflow/mission-20260925/ministry-decision/final-candidate-m1-successor/proof'
IOR_GRAPH_TEST_EXPLICIT=1 IOR_GRAPH_TARGET=compose \
	NEO4J_AUTH_FILE="/home/barami/projects/industrial-opportunity-resolution-mvp/.autonomous-workflow/mission-20260925/ministry-decision/final-candidate-m1-successor/proof/.secrets/neo4j_auth.txt" \
	PYTHONDONTWRITEBYTECODE=1 PYTHONPYCACHEPREFIX=/home/barami/projects/industrial-opportunity-resolution-mvp/.autonomous-workflow/mission-20260925/ministry-decision/graph-gate-m1-successor/pycache \
	PYTHONPATH=src /home/barami/.local/bin/uv run --locked --extra dev --extra graph pytest -q graph_tests \
	-m "graph and not graph_unavailable and not graph_ui"
s.........                                                               [100%]
=============================== warnings summary ===============================
.venv/lib/python3.14/site-packages/fastapi/testclient.py:1
  /home/barami/projects/industrial-opportunity-resolution-mvp/.autonomous-workflow/mission-20260925/ministry-decision/final-candidate-m1-successor/proof/.venv/lib/python3.14/site-packages/fastapi/testclient.py:1: StarletteDeprecationWarning: Using `httpx` with `starlette.testclient` is deprecated; install `httpx2` instead.
    from starlette.testclient import TestClient as TestClient  # noqa

graph_tests/test_constraints_provenance.py: 30 warnings
  /home/barami/projects/industrial-opportunity-resolution-mvp/.autonomous-workflow/mission-20260925/ministry-decision/final-candidate-m1-successor/proof/.venv/lib/python3.14/site-packages/neo4j/_meta.py:213: DeprecationWarning: 'asyncio.iscoroutinefunction' is deprecated and slated for removal in Python 3.16; use inspect.iscoroutinefunction() instead
    if asyncio.iscoroutinefunction(f):

graph_tests/test_constraints_provenance.py: 1976 warnings
graph_tests/test_unlock_value.py: 68 warnings
graph_tests/test_views_equal_artifact.py: 661 warnings
  /home/barami/projects/industrial-opportunity-resolution-mvp/.autonomous-workflow/mission-20260925/ministry-decision/final-candidate-m1-successor/proof/.venv/lib/python3.14/site-packages/neo4j/_sync/io/_common.py:216: DeprecationWarning: 'asyncio.iscoroutinefunction' is deprecated and slated for removal in Python 3.16; use inspect.iscoroutinefunction() instead
    if asyncio.iscoroutinefunction(connection_attr):

graph_tests/test_constraints_provenance.py: 4 warnings
graph_tests/test_unlock_value.py: 6 warnings
graph_tests/test_views_equal_artifact.py: 95 warnings
  /home/barami/projects/industrial-opportunity-resolution-mvp/.autonomous-workflow/mission-20260925/ministry-decision/final-candidate-m1-successor/proof/.venv/lib/python3.14/site-packages/neo4j/_sync/io/_bolt.py:199: DeprecationWarning: 'asyncio.iscoroutinefunction' is deprecated and slated for removal in Python 3.16; use inspect.iscoroutinefunction() instead
    if not asyncio.iscoroutinefunction(self.close):

-- Docs: https://docs.pytest.org/en/stable/how-to/capture-warnings.html
=========================== short test summary info ============================
SKIPPED [1] graph_tests/test_aura_verification.py:18: AURA_OPERATOR_ONLY
9 passed, 1 skipped, 3 deselected, 2841 warnings in 3.42s
make[1]: Leaving directory '/home/barami/projects/industrial-opportunity-resolution-mvp/.autonomous-workflow/mission-20260925/ministry-decision/final-candidate-m1-successor/proof'
make[1]: Entering directory '/home/barami/projects/industrial-opportunity-resolution-mvp/.autonomous-workflow/mission-20260925/ministry-decision/final-candidate-m1-successor/proof'
IOR_GRAPH_TEST_EXPLICIT=1 IOR_GRAPH_TARGET=compose \
	NEO4J_AUTH_FILE="/home/barami/projects/industrial-opportunity-resolution-mvp/.autonomous-workflow/mission-20260925/ministry-decision/final-candidate-m1-successor/proof/.secrets/neo4j_auth.txt" \
	PYTHONDONTWRITEBYTECODE=1 PYTHONPYCACHEPREFIX=/home/barami/projects/industrial-opportunity-resolution-mvp/.autonomous-workflow/mission-20260925/ministry-decision/graph-gate-m1-successor/pycache \
	PYTHONPATH=src /home/barami/.local/bin/uv run --locked --extra dev --extra graph --extra e2e pytest -q graph_tests \
	-m graph_ui --browser chromium
.                                                                        [100%]
=============================== warnings summary ===============================
.venv/lib/python3.14/site-packages/fastapi/testclient.py:1
  /home/barami/projects/industrial-opportunity-resolution-mvp/.autonomous-workflow/mission-20260925/ministry-decision/final-candidate-m1-successor/proof/.venv/lib/python3.14/site-packages/fastapi/testclient.py:1: StarletteDeprecationWarning: Using `httpx` with `starlette.testclient` is deprecated; install `httpx2` instead.
    from starlette.testclient import TestClient as TestClient  # noqa

graph_tests/test_graph_ui.py: 30 warnings
  /home/barami/projects/industrial-opportunity-resolution-mvp/.autonomous-workflow/mission-20260925/ministry-decision/final-candidate-m1-successor/proof/.venv/lib/python3.14/site-packages/neo4j/_meta.py:213: DeprecationWarning: 'asyncio.iscoroutinefunction' is deprecated and slated for removal in Python 3.16; use inspect.iscoroutinefunction() instead
    if asyncio.iscoroutinefunction(f):

graph_tests/test_graph_ui.py: 518 warnings
  /home/barami/projects/industrial-opportunity-resolution-mvp/.autonomous-workflow/mission-20260925/ministry-decision/final-candidate-m1-successor/proof/.venv/lib/python3.14/site-packages/neo4j/_sync/io/_common.py:216: DeprecationWarning: 'asyncio.iscoroutinefunction' is deprecated and slated for removal in Python 3.16; use inspect.iscoroutinefunction() instead
    if asyncio.iscoroutinefunction(connection_attr):

-- Docs: https://docs.pytest.org/en/stable/how-to/capture-warnings.html
1 passed, 12 deselected, 549 warnings in 8.41s
make[1]: Leaving directory '/home/barami/projects/industrial-opportunity-resolution-mvp/.autonomous-workflow/mission-20260925/ministry-decision/final-candidate-m1-successor/proof'
make[1]: Entering directory '/home/barami/projects/industrial-opportunity-resolution-mvp/.autonomous-workflow/mission-20260925/ministry-decision/final-candidate-m1-successor/proof'
docker compose down --remove-orphans
make[1]: Leaving directory '/home/barami/projects/industrial-opportunity-resolution-mvp/.autonomous-workflow/mission-20260925/ministry-decision/final-candidate-m1-successor/proof'
make[1]: Entering directory '/home/barami/projects/industrial-opportunity-resolution-mvp/.autonomous-workflow/mission-20260925/ministry-decision/final-candidate-m1-successor/proof'
IOR_GRAPH_TEST_EXPLICIT=1 IOR_GRAPH_TARGET=compose \
	NEO4J_AUTH_FILE="/home/barami/projects/industrial-opportunity-resolution-mvp/.autonomous-workflow/mission-20260925/ministry-decision/final-candidate-m1-successor/proof/.secrets/neo4j_auth.txt" \
	PYTHONDONTWRITEBYTECODE=1 PYTHONPYCACHEPREFIX=/home/barami/projects/industrial-opportunity-resolution-mvp/.autonomous-workflow/mission-20260925/ministry-decision/graph-gate-m1-successor/pycache \
	PYTHONPATH=src /home/barami/.local/bin/uv run --locked --extra dev --extra graph pytest -q graph_tests \
	-m graph_unavailable
..                                                                       [100%]
=============================== warnings summary ===============================
.venv/lib/python3.14/site-packages/fastapi/testclient.py:1
  /home/barami/projects/industrial-opportunity-resolution-mvp/.autonomous-workflow/mission-20260925/ministry-decision/final-candidate-m1-successor/proof/.venv/lib/python3.14/site-packages/fastapi/testclient.py:1: StarletteDeprecationWarning: Using `httpx` with `starlette.testclient` is deprecated; install `httpx2` instead.
    from starlette.testclient import TestClient as TestClient  # noqa

graph_tests/test_unavailable.py: 30 warnings
  /home/barami/projects/industrial-opportunity-resolution-mvp/.autonomous-workflow/mission-20260925/ministry-decision/final-candidate-m1-successor/proof/.venv/lib/python3.14/site-packages/neo4j/_meta.py:213: DeprecationWarning: 'asyncio.iscoroutinefunction' is deprecated and slated for removal in Python 3.16; use inspect.iscoroutinefunction() instead
    if asyncio.iscoroutinefunction(f):

-- Docs: https://docs.pytest.org/en/stable/how-to/capture-warnings.html
2 passed, 11 deselected, 31 warnings in 0.59s
make[1]: Leaving directory '/home/barami/projects/industrial-opportunity-resolution-mvp/.autonomous-workflow/mission-20260925/ministry-decision/final-candidate-m1-successor/proof'
GRAPH_UNAVAILABLE_OK
