BROWSER PREFLIGHT PASS
playwright=1.62.0
pytest-playwright=0.9.0
chromium=/ms-playwright/chromium-1234/chrome-linux64/chrome
axe_sha256=c24f097bd2f451d4f933e8bc7d8d539f8672a2ebcb5cc9f9f3eec8ca9470a0c1
font_family=FreeSerif
font_file=/usr/share/fonts/truetype/freefont/FreeSerif.ttf
product_fonts=IOR Noto Sans,IOR Noto Sans Arabic
........................................................................ [  8%]
........................................................................ [ 17%]
........................................................................ [ 25%]
........................................................................ [ 34%]
........................................................................ [ 42%]
........................................................................ [ 51%]
........................................................................ [ 60%]
........................................................................ [ 68%]
........................................................................ [ 77%]
........................................................................ [ 85%]
........................................................................ [ 94%]
...............................................                          [100%]
839 passed, 4 deselected in 2171.88s (0:36:11)
