Rotated text discovered. Output will be incomplete.
Rotated text discovered. Output will be incomplete.
Rotated text discovered. Output will be incomplete.
Rotated text discovered. Output will be incomplete.
Rotated text discovered. Output will be incomplete.
Rotated text discovered. Output will be incomplete.
Rotated text discovered. Output will be incomplete.
Rotated text discovered. Output will be incomplete.
Rotated text discovered. Output will be incomplete.
Rotated text discovered. Output will be incomplete.
Rotated text discovered. Output will be incomplete.
Rotated text discovered. Output will be incomplete.
Rotated text discovered. Output will be incomplete.
Rotated text discovered. Output will be incomplete.
Rotated text discovered. Output will be incomplete.
Rotated text discovered. Output will be incomplete.
Rotated text discovered. Output will be incomplete.
Rotated text discovered. Output will be incomplete.
Rotated text discovered. Output will be incomplete.
Rotated text discovered. Output will be incomplete.
Rotated text discovered. Output will be incomplete.
Rotated text discovered. Output will be incomplete.
Rotated text discovered. Output will be incomplete.
Rotated text discovered. Output will be incomplete.
Rotated text discovered. Output will be incomplete.
Rotated text discovered. Output will be incomplete.
Rotated text discovered. Output will be incomplete.
Rotated text discovered. Output will be incomplete.
Rotated text discovered. Output will be incomplete.
Rotated text discovered. Output will be incomplete.
Rotated text discovered. Output will be incomplete.
Rotated text discovered. Output will be incomplete.
Rotated text discovered. Output will be incomplete.
Rotated text discovered. Output will be incomplete.
Rotated text discovered. Output will be incomplete.
Rotated text discovered. Output will be incomplete.
Got invalid hex string: Non-hexadecimal digit found (b'CMapName')
Skipping broken line b'endcmap CMapName currentdict /CMap defineresource pop end end': Odd-length string
Got invalid hex string: Non-hexadecimal digit found (b'CMapName')
Skipping broken line b'endcmap CMapName currentdict /CMap defineresource pop end end': Odd-length string
Got invalid hex string: Non-hexadecimal digit found (b'CMapName')
Skipping broken line b'endcmap CMapName currentdict /CMap defineresource pop end end': Odd-length string
Got invalid hex string: Non-hexadecimal digit found (b'CMapName')
Skipping broken line b'endcmap CMapName currentdict /CMap defineresource pop end end': Odd-length string
invalid pdf header: b'HTTP/'
incorrect startxref pointer(1)
parsing for Object Streams
invalid pdf header: b'HTTP/'
incorrect startxref pointer(1)
parsing for Object Streams
Rotated text discovered. Output will be incomplete.
Rotated text discovered. Output will be incomplete.
Rotated text discovered. Output will be incomplete.
Rotated text discovered. Output will be incomplete.
